Archive member included to satisfy reference by file (symbol)

c:/program files (x86)/gnu tools arm embedded/7 2017-q4-major/bin/../lib/gcc/arm-none-eabi/7.2.1/thumb/v6-m\libgcc.a(_udivsi3.o)
                              ./system/src/cmsis/system_W7500x.o (__aeabi_uidiv)
c:/program files (x86)/gnu tools arm embedded/7 2017-q4-major/bin/../lib/gcc/arm-none-eabi/7.2.1/thumb/v6-m\libgcc.a(_divsi3.o)
                              ./src/Serial_to_Ethernet2/seg.o (__aeabi_idivmod)
c:/program files (x86)/gnu tools arm embedded/7 2017-q4-major/bin/../lib/gcc/arm-none-eabi/7.2.1/thumb/v6-m\libgcc.a(_dvmd_tls.o)
                              c:/program files (x86)/gnu tools arm embedded/7 2017-q4-major/bin/../lib/gcc/arm-none-eabi/7.2.1/thumb/v6-m\libgcc.a(_udivsi3.o) (__aeabi_idiv0)
c:/program files (x86)/gnu tools arm embedded/7 2017-q4-major/bin/../lib/gcc/arm-none-eabi/7.2.1/thumb/v6-m\libgcc.a(_fixunssfsi.o)
                              ./system/src/W7500x/W7500x_uart.o (__aeabi_f2uiz)
c:/program files (x86)/gnu tools arm embedded/7 2017-q4-major/bin/../lib/gcc/arm-none-eabi/7.2.1/thumb/v6-m\libgcc.a(_fixunsdfsi.o)
                              ./system/src/W7500x/W7500x_uart.o (__aeabi_d2uiz)
c:/program files (x86)/gnu tools arm embedded/7 2017-q4-major/bin/../lib/gcc/arm-none-eabi/7.2.1/thumb/v6-m\libgcc.a(divsf3.o)
                              ./system/src/W7500x/W7500x_uart.o (__aeabi_fdiv)
c:/program files (x86)/gnu tools arm embedded/7 2017-q4-major/bin/../lib/gcc/arm-none-eabi/7.2.1/thumb/v6-m\libgcc.a(mulsf3.o)
                              ./system/src/W7500x/W7500x_uart.o (__aeabi_fmul)
c:/program files (x86)/gnu tools arm embedded/7 2017-q4-major/bin/../lib/gcc/arm-none-eabi/7.2.1/thumb/v6-m\libgcc.a(subsf3.o)
                              ./system/src/W7500x/W7500x_uart.o (__aeabi_fsub)
c:/program files (x86)/gnu tools arm embedded/7 2017-q4-major/bin/../lib/gcc/arm-none-eabi/7.2.1/thumb/v6-m\libgcc.a(fixsfsi.o)
                              c:/program files (x86)/gnu tools arm embedded/7 2017-q4-major/bin/../lib/gcc/arm-none-eabi/7.2.1/thumb/v6-m\libgcc.a(_fixunssfsi.o) (__aeabi_f2iz)
c:/program files (x86)/gnu tools arm embedded/7 2017-q4-major/bin/../lib/gcc/arm-none-eabi/7.2.1/thumb/v6-m\libgcc.a(floatunsisf.o)
                              ./system/src/W7500x/W7500x_uart.o (__aeabi_ui2f)
c:/program files (x86)/gnu tools arm embedded/7 2017-q4-major/bin/../lib/gcc/arm-none-eabi/7.2.1/thumb/v6-m\libgcc.a(adddf3.o)
                              ./system/src/W7500x/W7500x_uart.o (__aeabi_dadd)
c:/program files (x86)/gnu tools arm embedded/7 2017-q4-major/bin/../lib/gcc/arm-none-eabi/7.2.1/thumb/v6-m\libgcc.a(subdf3.o)
                              c:/program files (x86)/gnu tools arm embedded/7 2017-q4-major/bin/../lib/gcc/arm-none-eabi/7.2.1/thumb/v6-m\libgcc.a(_fixunsdfsi.o) (__aeabi_dsub)
c:/program files (x86)/gnu tools arm embedded/7 2017-q4-major/bin/../lib/gcc/arm-none-eabi/7.2.1/thumb/v6-m\libgcc.a(fixdfsi.o)
                              c:/program files (x86)/gnu tools arm embedded/7 2017-q4-major/bin/../lib/gcc/arm-none-eabi/7.2.1/thumb/v6-m\libgcc.a(_fixunsdfsi.o) (__aeabi_d2iz)
c:/program files (x86)/gnu tools arm embedded/7 2017-q4-major/bin/../lib/gcc/arm-none-eabi/7.2.1/thumb/v6-m\libgcc.a(extendsfdf2.o)
                              ./system/src/W7500x/W7500x_uart.o (__aeabi_f2d)
c:/program files (x86)/gnu tools arm embedded/7 2017-q4-major/bin/../lib/gcc/arm-none-eabi/7.2.1/thumb/v6-m\libgcc.a(unwind-arm.o)
                              ./system/src/newlib/_cxx.o (__aeabi_unwind_cpp_pr0)
c:/program files (x86)/gnu tools arm embedded/7 2017-q4-major/bin/../lib/gcc/arm-none-eabi/7.2.1/thumb/v6-m\libgcc.a(libunwind.o)
                              c:/program files (x86)/gnu tools arm embedded/7 2017-q4-major/bin/../lib/gcc/arm-none-eabi/7.2.1/thumb/v6-m\libgcc.a(unwind-arm.o) (restore_core_regs)
c:/program files (x86)/gnu tools arm embedded/7 2017-q4-major/bin/../lib/gcc/arm-none-eabi/7.2.1/thumb/v6-m\libgcc.a(pr-support.o)
                              c:/program files (x86)/gnu tools arm embedded/7 2017-q4-major/bin/../lib/gcc/arm-none-eabi/7.2.1/thumb/v6-m\libgcc.a(unwind-arm.o) (__gnu_unwind_execute)
c:/program files (x86)/gnu tools arm embedded/7 2017-q4-major/bin/../lib/gcc/arm-none-eabi/7.2.1/thumb/v6-m\libgcc.a(_arm_cmpdf2.o)
                              c:/program files (x86)/gnu tools arm embedded/7 2017-q4-major/bin/../lib/gcc/arm-none-eabi/7.2.1/thumb/v6-m\libgcc.a(_fixunsdfsi.o) (__aeabi_dcmpge)
c:/program files (x86)/gnu tools arm embedded/7 2017-q4-major/bin/../lib/gcc/arm-none-eabi/7.2.1/thumb/v6-m\libgcc.a(_arm_cmpsf2.o)
                              c:/program files (x86)/gnu tools arm embedded/7 2017-q4-major/bin/../lib/gcc/arm-none-eabi/7.2.1/thumb/v6-m\libgcc.a(_fixunssfsi.o) (__aeabi_fcmpge)
c:/program files (x86)/gnu tools arm embedded/7 2017-q4-major/bin/../lib/gcc/arm-none-eabi/7.2.1/thumb/v6-m\libgcc.a(_clzsi2.o)
[...]
Memory Configuration

Name             Origin             Length             Attributes
FLASH            0x00007000         0x00019000         xr
RAM              0x20000000         0x00004000         xrw
CCMRAM           0x10000000         0x00000000         xrw
FLASHB1          0x00000000         0x00000000         xr
EXTMEMB0         0x00000000         0x00000000         xr
EXTMEMB1         0x00000000         0x00000000         xr
EXTMEMB2         0x00000000         0x00000000         xr
EXTMEMB3         0x00000000         0x00000000         xr
*default*        0x00000000         0xffffffff

Linker script and memory map

LOAD ./system/src/newlib/_cxx.o
LOAD ./system/src/newlib/_exit.o
LOAD ./system/src/newlib/_sbrk.o
LOAD ./system/src/newlib/_startup.o
LOAD ./system/src/newlib/_syscalls.o
LOAD ./system/src/newlib/assert.o
LOAD ./system/src/diag/Trace.o
LOAD ./system/src/diag/trace_impl.o
LOAD ./system/src/cortexm/_initialize_hardware.o
LOAD ./system/src/cortexm/_reset_hardware.o
LOAD ./system/src/cortexm/exception_handlers.o
LOAD ./system/src/cmsis/system_W7500x.o
LOAD ./system/src/cmsis/vectors_W7500x.o
LOAD ./system/src/W7500x/W7500x_adc.o
LOAD ./system/src/W7500x/W7500x_crg.o
LOAD ./system/src/W7500x/W7500x_dma.o
LOAD ./system/src/W7500x/W7500x_dualtimer.o
LOAD ./system/src/W7500x/W7500x_exti.o
LOAD ./system/src/W7500x/W7500x_gpio.o
LOAD ./system/src/W7500x/W7500x_pwm.o
LOAD ./system/src/W7500x/W7500x_rng.o
LOAD ./system/src/W7500x/W7500x_ssp.o
LOAD ./system/src/W7500x/W7500x_uart.o
LOAD ./system/src/W7500x/W7500x_wdt.o
LOAD ./system/src/W7500x/W7500x_wztoe.o
LOAD ./src/ioLibrary_Driver/MDIO/W7500x_miim.o
LOAD ./src/ioLibrary_Driver/Internet/DNS/dns.o
LOAD ./src/ioLibrary_Driver/Internet/DHCP/dhcp.o
LOAD ./src/ioLibrary_Driver/Ethernet/W5500/w5500.o
LOAD ./src/ioLibrary_Driver/Ethernet/W5300/w5300.o
LOAD ./src/ioLibrary_Driver/Ethernet/W5200/w5200.o
LOAD ./src/ioLibrary_Driver/Ethernet/W5100S/w5100s.o
LOAD ./src/ioLibrary_Driver/Ethernet/W5100/w5100.o
LOAD ./src/ioLibrary_Driver/Ethernet/socket.o
LOAD ./src/ioLibrary_Driver/Ethernet/wizchip_conf.o
LOAD ./src/ioLibrary_Driver/Application/loopback/loopback.o
LOAD ./src/Serial_to_Ethernet2/seg.o
LOAD ./src/PlatformHandler/deviceHandler.o
LOAD ./src/PlatformHandler/eepromHandler.o
LOAD ./src/PlatformHandler/flashHandler.o
LOAD ./src/PlatformHandler/gpioHandler.o
LOAD ./src/PlatformHandler/i2cHandler.o
LOAD ./src/PlatformHandler/storageHandler.o
LOAD ./src/PlatformHandler/timerHandler.o
LOAD ./src/PlatformHandler/uartHandler.o
LOAD ./src/Configuration/ConfigData.o
LOAD ./src/Configuration/segcp.o
LOAD ./src/Configuration/util.o
LOAD ./src/Callback/dhcp_cb.o
LOAD ./src/W7500x_board.o
LOAD ./src/W7500x_it.o
LOAD ./src/main.o
LOAD ./src/retarget.o
LOAD c:/program files (x86)/gnu tools arm embedded/7 2017-q4-major/bin/../lib/gcc/arm-none-eabi/7.2.1/../../../../arm-none-eabi/lib/thumb/v6-m\libstdc++_nano.a
LOAD c:/program files (x86)/gnu tools arm embedded/7 2017-q4-major/bin/../lib/gcc/arm-none-eabi/7.2.1/../../../../arm-none-eabi/lib/thumb/v6-m\libm.a
START GROUP
LOAD c:/program files (x86)/gnu tools arm embedded/7 2017-q4-major/bin/../lib/gcc/arm-none-eabi/7.2.1/thumb/v6-m\libgcc.a
LOAD c:/program files (x86)/gnu tools arm embedded/7 2017-q4-major/bin/../lib/gcc/arm-none-eabi/7.2.1/../../../../arm-none-eabi/lib/thumb/v6-m\libg_nano.a
LOAD c:/program files (x86)/gnu tools arm embedded/7 2017-q4-major/bin/../lib/gcc/arm-none-eabi/7.2.1/../../../../arm-none-eabi/lib/thumb/v6-m\libc_nano.a
END GROUP
START GROUP
LOAD c:/program files (x86)/gnu tools arm embedded/7 2017-q4-major/bin/../lib/gcc/arm-none-eabi/7.2.1/thumb/v6-m\libgcc.a
LOAD c:/program files (x86)/gnu tools arm embedded/7 2017-q4-major/bin/../lib/gcc/arm-none-eabi/7.2.1/../../../../arm-none-eabi/lib/thumb/v6-m\libc_nano.a
END GROUP
                0x20004000                __stack = (ORIGIN (RAM) + LENGTH (RAM))
                0x20004000                _estack = __stack
                0x00000800                __Main_Stack_Size = 0x800
                [!provide]                PROVIDE (_Main_Stack_Size, __Main_Stack_Size)
                0x20003800                __Main_Stack_Limit = (__stack - __Main_Stack_Size)
                [!provide]                PROVIDE (_Main_Stack_Limit, __Main_Stack_Limit)
                0x00000100                _Minimum_Stack_Size = 0x100
                0x20002a94                PROVIDE (_Heap_Begin, _end_noinit)
                0x20003800                PROVIDE (_Heap_Limit, (__stack - __Main_Stack_Size))

.isr_vector     0x00007000      0x212
 FILL mask 0xff
                0x00007000                __vectors_start = ABSOLUTE (.)
                0x00007000                __vectors_start__ = ABSOLUTE (.)
 *(.isr_vector)
 .isr_vector    0x00007000       0xa8 ./system/src/cmsis/vectors_W7500x.o
                0x00007000                __isr_vectors
 *(.cfmconfig)
 *(.after_vectors .after_vectors.*)
 .after_vectors
                0x000070a8      0x118 ./system/src/newlib/_startup.o
                0x000070a8                _start
 .after_vectors
                0x000071c0       0x50 ./system/src/cortexm/exception_handlers.o
                0x000071c0                Reset_Handler
                0x000071e2                HardFault_Handler_C
 .after_vectors
                0x00007210        0x2 ./system/src/cmsis/vectors_W7500x.o
                0x00007210                Default_Handler
                0x00007210                RTC_Handler

.inits          0x00007214       0x28
                0x00007214                __data_regions_array_start = .
                0x00007214        0x4 LONG 0x14d8c LOADADDR (.data)
                0x00007218        0x4 LONG 0x20000000 ADDR (.data)
                0x0000721c        0x4 LONG 0x200003f4 (ADDR (.data) + SIZEOF (.data))
                0x00007220        0x4 LONG 0x14d8c LOADADDR (.data_CCMRAM)
                0x00007224        0x4 LONG 0x10000000 ADDR (.data_CCMRAM)
                0x00007228        0x4 LONG 0x10000000 (ADDR (.data_CCMRAM) + SIZEOF (.data_CCMRAM))
                0x0000722c                __data_regions_array_end = .
                0x0000722c                __bss_regions_array_start = .
                0x0000722c        0x4 LONG 0x200003f4 ADDR (.bss)
                0x00007230        0x4 LONG 0x20002a94 (ADDR (.bss) + SIZEOF (.bss))
                0x00007234        0x4 LONG 0x10000000 ADDR (.bss_CCMRAM)
                0x00007238        0x4 LONG 0x10000000 (ADDR (.bss_CCMRAM) + SIZEOF (.bss_CCMRAM))
                0x0000723c                __bss_regions_array_end = .
 *(.init)
 *(.fini)
                0x0000723c                . = ALIGN (0x4)
                0x0000723c                PROVIDE (__preinit_array_start, .)
 *(.preinit_array_sysinit .preinit_array_sysinit.*)
 *(.preinit_array_platform .preinit_array_platform.*)
 *(.preinit_array .preinit_array.*)
                0x0000723c                PROVIDE (__preinit_array_end, .)
                0x0000723c                . = ALIGN (0x4)
                0x0000723c                PROVIDE (__init_array_start, .)
 *(SORT_BY_NAME(.init_array.*))
 *(.init_array)
                0x0000723c                PROVIDE (__init_array_end, .)
                0x0000723c                . = ALIGN (0x4)
                0x0000723c                PROVIDE (__fini_array_start, .)
 *(SORT_BY_NAME(.fini_array.*))
 *(.fini_array)
                0x0000723c                PROVIDE (__fini_array_end, .)

.flashtext
 *(.flashtext .flashtext.*)

.text           0x0000723c     0xdb4f
 *(.text .text.*)
 .text._exit    0x0000723c        0x2 ./system/src/newlib/_exit.o
                0x0000723c                _exit
 *fill*         0x0000723e        0x2 
 .text._sbrk    0x00007240       0x48 ./system/src/newlib/_sbrk.o
                0x00007240                _sbrk
 .text.__initialize_args
                0x00007288       0x10 ./system/src/newlib/_syscalls.o
                0x00007288                __initialize_args
 .text._close   0x00007298       0x10 ./system/src/newlib/_syscalls.o
                0x00007298                _close
 .text._fstat   0x000072a8       0x10 ./system/src/newlib/_syscalls.o
                0x000072a8                _fstat
 .text._isatty  0x000072b8        0xe ./system/src/newlib/_syscalls.o
                0x000072b8                _isatty
 .text._lseek   0x000072c6       0x10 ./system/src/newlib/_syscalls.o
                0x000072c6                _lseek
 .text._read    0x000072d6       0x10 ./system/src/newlib/_syscalls.o
                0x000072d6                _read
 *fill*         0x000072e6        0x2 
 .text.trace_printf
                0x000072e8       0x2c ./system/src/diag/Trace.o
                0x000072e8                trace_printf
 .text._trace_write_semihosting_debug
                0x00007314       0x60 ./system/src/diag/trace_impl.o
 .text.trace_write
                0x00007374        0x8 ./system/src/diag/trace_impl.o
                0x00007374                trace_write
 .text.__initialize_hardware_early
                0x0000737c        0x8 ./system/src/cortexm/_initialize_hardware.o
                0x0000737c                __initialize_hardware_early
 .text.__initialize_hardware
                0x00007384        0x8 ./system/src/cortexm/_initialize_hardware.o
                0x00007384                __initialize_hardware
 .text.dumpExceptionStack
                0x0000738c       0x88 ./system/src/cortexm/exception_handlers.o
                0x0000738c                dumpExceptionStack
 .text.GetSystemClock
                0x00007414        0xc ./system/src/cmsis/system_W7500x.o
                0x00007414                GetSystemClock
 .text.GetSourceClock
                0x00007420        0xc ./system/src/cmsis/system_W7500x.o
                0x00007420                GetSourceClock
 .text.GetPLLSource
                0x0000742c        0xc ./system/src/cmsis/system_W7500x.o
                0x0000742c                GetPLLSource
 .text.SystemInit
                0x00007438       0x70 ./system/src/cmsis/system_W7500x.o
                0x00007438                SystemInit
 .text.SystemCoreClockUpdate_User
                0x000074a8       0x9c ./system/src/cmsis/system_W7500x.o
                0x000074a8                SystemCoreClockUpdate_User
 .text.SystemInit_User
                0x00007544       0x28 ./system/src/cmsis/system_W7500x.o
                0x00007544                SystemInit_User
 .text.ADC_PowerDownEnable
                0x0000756c       0x18 ./system/src/W7500x/W7500x_adc.o
                0x0000756c                ADC_PowerDownEnable
 .text.ADC_ChannelSelect
                0x00007584        0x8 ./system/src/W7500x/W7500x_adc.o
                0x00007584                ADC_ChannelSelect
 .text.ADC_Start
                0x0000758c        0xa ./system/src/W7500x/W7500x_adc.o
                0x0000758c                ADC_Start
 .text.ADC_ReadData
                0x00007596        0xa ./system/src/W7500x/W7500x_adc.o
                0x00007596                ADC_ReadData
 .text.ADC_IsEOC
                0x000075a0       0x16 ./system/src/W7500x/W7500x_adc.o
                0x000075a0                ADC_IsEOC
 .text.ADC_Init
                0x000075b6        0xa ./system/src/W7500x/W7500x_adc.o
                0x000075b6                ADC_Init
 .text.DUALTIMER_ClockEnable
                0x000075c0       0x58 ./system/src/W7500x/W7500x_dualtimer.o
                0x000075c0                DUALTIMER_ClockEnable
 .text.DUALTIMER_IntConfig
                0x00007618       0x18 ./system/src/W7500x/W7500x_dualtimer.o
                0x00007618                DUALTIMER_IntConfig
 .text.DUALTIMER_IntClear
                0x00007630        0x6 ./system/src/W7500x/W7500x_dualtimer.o
                0x00007630                DUALTIMER_IntClear
 .text.DUALTIMER_GetIntStatus
                0x00007636        0x6 ./system/src/W7500x/W7500x_dualtimer.o
                0x00007636                DUALTIMER_GetIntStatus
 .text.DUALTIMER_Start
                0x0000763c        0xa ./system/src/W7500x/W7500x_dualtimer.o
                0x0000763c                DUALTIMER_Start
 .text.DUALTIMER_Stop
                0x00007646        0xa ./system/src/W7500x/W7500x_dualtimer.o
                0x00007646                DUALTIMER_Stop
 .text.DUALTIMER_Init
                0x00007650       0x2e ./system/src/W7500x/W7500x_dualtimer.o
                0x00007650                DUALTIMER_Init
 *fill*         0x0000767e        0x2 
 .text.GPIO_Init
                0x00007680       0xd0 ./system/src/W7500x/W7500x_gpio.o
                0x00007680                GPIO_Init
 .text.GPIO_StructInit
                0x00007750       0x14 ./system/src/W7500x/W7500x_gpio.o
                0x00007750                GPIO_StructInit
 .text.GPIO_ReadInputDataBit
                0x00007764        0xe ./system/src/W7500x/W7500x_gpio.o
                0x00007764                GPIO_ReadInputDataBit
 .text.GPIO_ReadOutputDataBit
                0x00007772        0xe ./system/src/W7500x/W7500x_gpio.o
                0x00007772                GPIO_ReadOutputDataBit
 .text.GPIO_SetBits
                0x00007780       0x1a ./system/src/W7500x/W7500x_gpio.o
                0x00007780                GPIO_SetBits
 .text.GPIO_ResetBits
                0x0000779a       0x1c ./system/src/W7500x/W7500x_gpio.o
                0x0000779a                GPIO_ResetBits
 *fill*         0x000077b6        0x2 
 .text.PAD_AFConfig
                0x000077b8       0x64 ./system/src/W7500x/W7500x_gpio.o
                0x000077b8                PAD_AFConfig
 .text.GPIO_Configuration
                0x0000781c       0x56 ./system/src/W7500x/W7500x_gpio.o
                0x0000781c                GPIO_Configuration
 *fill*         0x00007872        0x2 
 .text.UART_Init
                0x00007874       0xd0 ./system/src/W7500x/W7500x_uart.o
                0x00007874                UART_Init
 .text.UART_SendData
                0x00007944        0x4 ./system/src/W7500x/W7500x_uart.o
                0x00007944                UART_SendData
 .text.UART_ReceiveData
                0x00007948        0x6 ./system/src/W7500x/W7500x_uart.o
                0x00007948                UART_ReceiveData
 .text.UART_GetRecvStatus
                0x0000794e        0xe ./system/src/W7500x/W7500x_uart.o
                0x0000794e                UART_GetRecvStatus
 .text.UART_ITConfig
                0x0000795c       0x14 ./system/src/W7500x/W7500x_uart.o
                0x0000795c                UART_ITConfig
 .text.UART_GetITStatus
                0x00007970        0xe ./system/src/W7500x/W7500x_uart.o
                0x00007970                UART_GetITStatus
 .text.UART_ClearITPendingBit
                0x0000797e        0x8 ./system/src/W7500x/W7500x_uart.o
                0x0000797e                UART_ClearITPendingBit
 *fill*         0x00007986        0x2 
 .text.S_UART_SetBaud
                0x00007988       0x34 ./system/src/W7500x/W7500x_uart.o
                0x00007988                S_UART_SetBaud
 .text.S_UART_Init
                0x000079bc       0x1c ./system/src/W7500x/W7500x_uart.o
                0x000079bc                S_UART_Init
 .text.S_UART_SendData
                0x000079d8       0x14 ./system/src/W7500x/W7500x_uart.o
                0x000079d8                S_UART_SendData
 .text.UartPutc
                0x000079ec       0x16 ./system/src/W7500x/W7500x_uart.o
                0x000079ec                UartPutc
 .text.S_UartPutc
                0x00007a02        0xe ./system/src/W7500x/W7500x_uart.o
                0x00007a02                S_UartPutc
 .text.WIZCHIP_READ
                0x00007a10        0x6 ./system/src/W7500x/W7500x_wztoe.o
                0x00007a10                WIZCHIP_READ
 .text.WIZCHIP_WRITE
                0x00007a16        0x4 ./system/src/W7500x/W7500x_wztoe.o
                0x00007a16                WIZCHIP_WRITE
 .text.WIZCHIP_READ_BUF
                0x00007a1a       0x1c ./system/src/W7500x/W7500x_wztoe.o
                0x00007a1a                WIZCHIP_READ_BUF
 .text.WIZCHIP_WRITE_BUF
                0x00007a36       0x1c ./system/src/W7500x/W7500x_wztoe.o
                0x00007a36                WIZCHIP_WRITE_BUF
 *fill*         0x00007a52        0x2 
 .text.wiz_send_data
                0x00007a54       0x38 ./system/src/W7500x/W7500x_wztoe.o
                0x00007a54                wiz_send_data
 .text.wiz_recv_data
                0x00007a8c       0x38 ./system/src/W7500x/W7500x_wztoe.o
                0x00007a8c                wiz_recv_data
 .text.wiz_recv_ignore
                0x00007ac4       0x30 ./system/src/W7500x/W7500x_wztoe.o
                0x00007ac4                wiz_recv_ignore
 .text.output_MDIO
                0x00007af4       0x5c ./src/ioLibrary_Driver/MDIO/W7500x_miim.o
                0x00007af4                output_MDIO
 .text.input_MDIO
                0x00007b50       0x48 ./src/ioLibrary_Driver/MDIO/W7500x_miim.o
                0x00007b50                input_MDIO
 .text.turnaround_MDIO
                0x00007b98       0x38 ./src/ioLibrary_Driver/MDIO/W7500x_miim.o
                0x00007b98                turnaround_MDIO
 .text.idle_MDIO
                0x00007bd0       0x30 ./src/ioLibrary_Driver/MDIO/W7500x_miim.o
                0x00007bd0                idle_MDIO
 .text.phy_id   0x00007c00       0x78 ./src/ioLibrary_Driver/MDIO/W7500x_miim.o
                0x00007c00                phy_id
 .text.mdio_init
                0x00007c78       0x58 ./src/ioLibrary_Driver/MDIO/W7500x_miim.o
                0x00007c78                mdio_init
 .text.get16    0x00007cd0        0xc ./src/ioLibrary_Driver/Internet/DNS/dns.o
                0x00007cd0                get16
 .text.put16    0x00007cdc        0xc ./src/ioLibrary_Driver/Internet/DNS/dns.o
                0x00007cdc                put16
 .text.parse_name
                0x00007ce8       0xba ./src/ioLibrary_Driver/Internet/DNS/dns.o
                0x00007ce8                parse_name
 .text.dns_question
                0x00007da2       0x1e ./src/ioLibrary_Driver/Internet/DNS/dns.o
                0x00007da2                dns_question
 .text.dns_answer
                0x00007dc0       0xc4 ./src/ioLibrary_Driver/Internet/DNS/dns.o
                0x00007dc0                dns_answer
 .text.parseDNSMSG
                0x00007e84       0xe6 ./src/ioLibrary_Driver/Internet/DNS/dns.o
                0x00007e84                parseDNSMSG
 *fill*         0x00007f6a        0x2 
 .text.dns_makequery
                0x00007f6c       0xc8 ./src/ioLibrary_Driver/Internet/DNS/dns.o
                0x00007f6c                dns_makequery
 .text.check_DNS_timeout
                0x00008034       0x38 ./src/ioLibrary_Driver/Internet/DNS/dns.o
                0x00008034                check_DNS_timeout
 .text.DNS_init
                0x0000806c       0x20 ./src/ioLibrary_Driver/Internet/DNS/dns.o
                0x0000806c                DNS_init
 .text.DNS_run  0x0000808c       0xb8 ./src/ioLibrary_Driver/Internet/DNS/dns.o
                0x0000808c                DNS_run
 .text.DNS_time_handler
                0x00008144       0x10 ./src/ioLibrary_Driver/Internet/DNS/dns.o
                0x00008144                DNS_time_handler
 .text.default_ip_assign
                0x00008154       0xa8 ./src/ioLibrary_Driver/Internet/DHCP/dhcp.o
                0x00008154                default_ip_assign
 .text.default_ip_update
                0x000081fc       0x6c ./src/ioLibrary_Driver/Internet/DHCP/dhcp.o
                0x000081fc                default_ip_update
 .text.default_ip_conflict
                0x00008268       0x68 ./src/ioLibrary_Driver/Internet/DHCP/dhcp.o
                0x00008268                default_ip_conflict
 .text.reg_dhcp_cbfunc
                0x000082d0       0x48 ./src/ioLibrary_Driver/Internet/DHCP/dhcp.o
                0x000082d0                reg_dhcp_cbfunc
 .text.makeDHCPMSG
                0x00008318       0xd8 ./src/ioLibrary_Driver/Internet/DHCP/dhcp.o
                0x00008318                makeDHCPMSG
 .text.send_DHCP_DISCOVER
                0x000083f0      0x17c ./src/ioLibrary_Driver/Internet/DHCP/dhcp.o
                0x000083f0                send_DHCP_DISCOVER
 .text.send_DHCP_REQUEST
                0x0000856c      0x230 ./src/ioLibrary_Driver/Internet/DHCP/dhcp.o
                0x0000856c                send_DHCP_REQUEST
 .text.send_DHCP_DECLINE
                0x0000879c       0xfc ./src/ioLibrary_Driver/Internet/DHCP/dhcp.o
                0x0000879c                send_DHCP_DECLINE
 .text.parseDHCPMSG
                0x00008898      0x184 ./src/ioLibrary_Driver/Internet/DHCP/dhcp.o
                0x00008898                parseDHCPMSG
 .text.DHCP_stop
                0x00008a1c       0x1c ./src/ioLibrary_Driver/Internet/DHCP/dhcp.o
                0x00008a1c                DHCP_stop
 .text.check_DHCP_leasedIP
                0x00008a38       0x6c ./src/ioLibrary_Driver/Internet/DHCP/dhcp.o
                0x00008a38                check_DHCP_leasedIP
 .text.reset_DHCP_timeout
                0x00008aa4       0x20 ./src/ioLibrary_Driver/Internet/DHCP/dhcp.o
                0x00008aa4                reset_DHCP_timeout
 .text.check_DHCP_timeout
                0x00008ac4       0x9c ./src/ioLibrary_Driver/Internet/DHCP/dhcp.o
                0x00008ac4                check_DHCP_timeout
 .text.DHCP_run
                0x00008b60      0x1d8 ./src/ioLibrary_Driver/Internet/DHCP/dhcp.o
                0x00008b60                DHCP_run
 .text.DHCP_init
                0x00008d38      0x180 ./src/ioLibrary_Driver/Internet/DHCP/dhcp.o
                0x00008d38                DHCP_init
 .text.DHCP_time_handler
                0x00008eb8       0x10 ./src/ioLibrary_Driver/Internet/DHCP/dhcp.o
                0x00008eb8                DHCP_time_handler
 .text.getIPfromDHCP
                0x00008ec8       0x18 ./src/ioLibrary_Driver/Internet/DHCP/dhcp.o
                0x00008ec8                getIPfromDHCP
 .text.getGWfromDHCP
                0x00008ee0       0x18 ./src/ioLibrary_Driver/Internet/DHCP/dhcp.o
                0x00008ee0                getGWfromDHCP
 .text.getSNfromDHCP
                0x00008ef8       0x18 ./src/ioLibrary_Driver/Internet/DHCP/dhcp.o
                0x00008ef8                getSNfromDHCP
 .text.getDNSfromDHCP
                0x00008f10       0x18 ./src/ioLibrary_Driver/Internet/DHCP/dhcp.o
                0x00008f10                getDNSfromDHCP
 .text.getDHCPLeasetime
                0x00008f28        0xc ./src/ioLibrary_Driver/Internet/DHCP/dhcp.o
                0x00008f28                getDHCPLeasetime
 .text.close    0x00008f34       0x74 ./src/ioLibrary_Driver/Ethernet/socket.o
                0x00008f34                close
 .text.socket   0x00008fa8      0x120 ./src/ioLibrary_Driver/Ethernet/socket.o
                0x00008fa8                socket
 .text.listen   0x000090c8       0x78 ./src/ioLibrary_Driver/Ethernet/socket.o
                0x000090c8                listen
 .text.connect  0x00009140      0x12c ./src/ioLibrary_Driver/Ethernet/socket.o
                0x00009140                connect
 .text.disconnect
                0x0000926c       0x98 ./src/ioLibrary_Driver/Ethernet/socket.o
                0x0000926c                disconnect
 .text.send     0x00009304      0x14c ./src/ioLibrary_Driver/Ethernet/socket.o
                0x00009304                send
 .text.recv     0x00009450      0x108 ./src/ioLibrary_Driver/Ethernet/socket.o
                0x00009450                recv
 .text.sendto   0x00009558      0x190 ./src/ioLibrary_Driver/Ethernet/socket.o
                0x00009558                sendto
 .text.recvfrom
                0x000096e8      0x208 ./src/ioLibrary_Driver/Ethernet/socket.o
                0x000096e8                recvfrom
 .text.setsockopt
                0x000098f0      0x118 ./src/ioLibrary_Driver/Ethernet/socket.o
                0x000098f0                setsockopt
 .text.getsockopt
                0x00009a08      0x190 ./src/ioLibrary_Driver/Ethernet/socket.o
                0x00009a08                getsockopt
 .text.wizchip_sw_reset
                0x00009b98      0x18c ./src/ioLibrary_Driver/Ethernet/wizchip_conf.o
                0x00009b98                wizchip_sw_reset
 .text.wizchip_init
                0x00009d24       0x94 ./src/ioLibrary_Driver/Ethernet/wizchip_conf.o
                0x00009d24                wizchip_init
 .text.wizchip_setnetinfo
                0x00009db8      0x100 ./src/ioLibrary_Driver/Ethernet/wizchip_conf.o
                0x00009db8                wizchip_setnetinfo
 .text.wizchip_getnetinfo
                0x00009eb8      0x100 ./src/ioLibrary_Driver/Ethernet/wizchip_conf.o
                0x00009eb8                wizchip_getnetinfo
 .text.wizchip_setnetmode
                0x00009fb8       0x2c ./src/ioLibrary_Driver/Ethernet/wizchip_conf.o
                0x00009fb8                wizchip_setnetmode
 .text.wizchip_getnetmode
                0x00009fe4       0x10 ./src/ioLibrary_Driver/Ethernet/wizchip_conf.o
                0x00009fe4                wizchip_getnetmode
 .text.wizchip_settimeout
                0x00009ff4       0x24 ./src/ioLibrary_Driver/Ethernet/wizchip_conf.o
                0x00009ff4                wizchip_settimeout
 .text.wizchip_gettimeout
                0x0000a018       0x1c ./src/ioLibrary_Driver/Ethernet/wizchip_conf.o
                0x0000a018                wizchip_gettimeout
 .text.ctlnetwork
                0x0000a034       0x54 ./src/ioLibrary_Driver/Ethernet/wizchip_conf.o
                0x0000a034                ctlnetwork
 .text.set_device_status
                0x0000a088       0x6c ./src/Serial_to_Ethernet2/seg.o
                0x0000a088                set_device_status
 .text.get_device_status
                0x0000a0f4        0xc ./src/Serial_to_Ethernet2/seg.o
                0x0000a0f4                get_device_status
 .text.get_serial_data
                0x0000a100      0x148 ./src/Serial_to_Ethernet2/seg.o
                0x0000a100                get_serial_data
 .text.get_tcp_any_port
                0x0000a248       0x5c ./src/Serial_to_Ethernet2/seg.o
                0x0000a248                get_tcp_any_port
 .text.send_keepalive_packet_manual
                0x0000a2a4        0xc ./src/Serial_to_Ethernet2/seg.o
                0x0000a2a4                send_keepalive_packet_manual
 .text.process_socket_termination
                0x0000a2b0       0x40 ./src/Serial_to_Ethernet2/seg.o
                0x0000a2b0                process_socket_termination
 .text.check_connect_pw_auth
                0x0000a2f0       0x50 ./src/Serial_to_Ethernet2/seg.o
                0x0000a2f0                check_connect_pw_auth
 .text.init_trigger_modeswitch
                0x0000a340       0xf0 ./src/Serial_to_Ethernet2/seg.o
                0x0000a340                init_trigger_modeswitch
 .text.restore_serial_data
                0x0000a430       0x50 ./src/Serial_to_Ethernet2/seg.o
                0x0000a430                restore_serial_data
 .text.check_modeswitch_trigger
                0x0000a480       0xc4 ./src/Serial_to_Ethernet2/seg.o
                0x0000a480                check_modeswitch_trigger
 .text.check_serial_store_permitted
                0x0000a544       0x64 ./src/Serial_to_Ethernet2/seg.o
                0x0000a544                check_serial_store_permitted
 .text.reset_SEG_timeflags
                0x0000a5a8       0x5c ./src/Serial_to_Ethernet2/seg.o
                0x0000a5a8                reset_SEG_timeflags
 .text.init_time_delimiter_timer
                0x0000a604       0x4c ./src/Serial_to_Ethernet2/seg.o
                0x0000a604                init_time_delimiter_timer
 .text.check_tcp_connect_exception
                0x0000a650      0x188 ./src/Serial_to_Ethernet2/seg.o
                0x0000a650                check_tcp_connect_exception
 .text.clear_data_transfer_bytecount
                0x0000a7d8       0x54 ./src/Serial_to_Ethernet2/seg.o
                0x0000a7d8                clear_data_transfer_bytecount
 .text.add_data_transfer_bytecount
                0x0000a82c       0x90 ./src/Serial_to_Ethernet2/seg.o
                0x0000a82c                add_data_transfer_bytecount
 .text.debugSerial_dataTransfer
                0x0000a8bc       0xb0 ./src/Serial_to_Ethernet2/seg.o
                0x0000a8bc                debugSerial_dataTransfer
 .text.uart_to_ether
                0x0000a96c      0x1a0 ./src/Serial_to_Ethernet2/seg.o
                0x0000a96c                uart_to_ether
 .text.ether_to_uart
                0x0000ab0c      0x288 ./src/Serial_to_Ethernet2/seg.o
                0x0000ab0c                ether_to_uart
 .text.proc_SEG_udp
                0x0000ad94       0xe8 ./src/Serial_to_Ethernet2/seg.o
                0x0000ad94                proc_SEG_udp
 .text.proc_SEG_tcp_client
                0x0000ae7c      0x340 ./src/Serial_to_Ethernet2/seg.o
                0x0000ae7c                proc_SEG_tcp_client
 .text.proc_SEG_tcp_server
                0x0000b1bc      0x304 ./src/Serial_to_Ethernet2/seg.o
                0x0000b1bc                proc_SEG_tcp_server
 .text.proc_SEG_tcp_mixed
                0x0000b4c0      0x4e4 ./src/Serial_to_Ethernet2/seg.o
                0x0000b4c0                proc_SEG_tcp_mixed
 .text.do_seg   0x0000b9a4       0xb0 ./src/Serial_to_Ethernet2/seg.o
                0x0000b9a4                do_seg
 .text.seg_timer_msec
                0x0000ba54      0x144 ./src/Serial_to_Ethernet2/seg.o
                0x0000ba54                seg_timer_msec
 .text.seg_timer_sec
                0x0000bb98       0x38 ./src/Serial_to_Ethernet2/seg.o
                0x0000bb98                seg_timer_sec
 .text.device_set_factory_default
                0x0000bbd0        0xc ./src/PlatformHandler/deviceHandler.o
                0x0000bbd0                device_set_factory_default
 .text.device_socket_termination
                0x0000bbdc       0x16 ./src/PlatformHandler/deviceHandler.o
                0x0000bbdc                device_socket_termination
 *fill*         0x0000bbf2        0x2 
 .text.device_reboot
                0x0000bbf4       0x28 ./src/PlatformHandler/deviceHandler.o
                0x0000bbf4                device_reboot
 .text.device_timer_msec
                0x0000bc1c       0xa4 ./src/PlatformHandler/deviceHandler.o
                0x0000bc1c                device_timer_msec
 .text.reset_fw_update_timer
                0x0000bcc0       0x38 ./src/PlatformHandler/deviceHandler.o
                0x0000bcc0                reset_fw_update_timer
 .text.get_firmware_from_network
                0x0000bcf8      0x158 ./src/PlatformHandler/deviceHandler.o
                0x0000bcf8                get_firmware_from_network
 .text.device_firmware_update
                0x0000be50      0x1ac ./src/PlatformHandler/deviceHandler.o
                0x0000be50                device_firmware_update
 .text.device_appboot_update
                0x0000bffc      0x1dc ./src/PlatformHandler/deviceHandler.o
                0x0000bffc                device_appboot_update
 .text.read_flash
                0x0000c1d8       0x14 ./src/PlatformHandler/flashHandler.o
                0x0000c1d8                read_flash
 .text.DO_IAP   0x0000c1ec       0x20 ./src/PlatformHandler/flashHandler.o
                0x0000c1ec                DO_IAP
 .text.erase_flash_sector
                0x0000c20c       0x50 ./src/PlatformHandler/flashHandler.o
                0x0000c20c                erase_flash_sector
 .text.erase_flash_block
                0x0000c25c       0x1e ./src/PlatformHandler/flashHandler.o
                0x0000c25c                erase_flash_block
 *fill*         0x0000c27a        0x2 
 .text.write_flash
                0x0000c27c       0x60 ./src/PlatformHandler/flashHandler.o
                0x0000c27c                write_flash
 .text.Copy_Interrupt_VectorTable
                0x0000c2dc       0x90 ./src/PlatformHandler/flashHandler.o
                0x0000c2dc                Copy_Interrupt_VectorTable
 .text.get_user_io_enabled
                0x0000c36c       0x22 ./src/PlatformHandler/gpioHandler.o
                0x0000c36c                get_user_io_enabled
 .text.get_user_io_type
                0x0000c38e       0x20 ./src/PlatformHandler/gpioHandler.o
                0x0000c38e                get_user_io_type
 .text.get_user_io_direction
                0x0000c3ae       0x20 ./src/PlatformHandler/gpioHandler.o
                0x0000c3ae                get_user_io_direction
 .text.get_user_io_bitorder
                0x0000c3ce       0x1a ./src/PlatformHandler/gpioHandler.o
                0x0000c3ce                get_user_io_bitorder
 .text.init_user_io
                0x0000c3e8       0xd4 ./src/PlatformHandler/gpioHandler.o
                0x0000c3e8                init_user_io
 .text.set_user_io_direction
                0x0000c4bc       0x54 ./src/PlatformHandler/gpioHandler.o
                0x0000c4bc                set_user_io_direction
 .text.set_user_io_type
                0x0000c510       0x78 ./src/PlatformHandler/gpioHandler.o
                0x0000c510                set_user_io_type
 .text.set_user_io_val
                0x0000c588       0x9c ./src/PlatformHandler/gpioHandler.o
                0x0000c588                set_user_io_val
 .text.read_ADC
                0x0000c624       0x18 ./src/PlatformHandler/gpioHandler.o
                0x0000c624                read_ADC
 .text.get_user_io_val
                0x0000c63c       0xa0 ./src/PlatformHandler/gpioHandler.o
                0x0000c63c                get_user_io_val
 .text.set_connection_status_io
                0x0000c6dc       0x94 ./src/PlatformHandler/gpioHandler.o
                0x0000c6dc                set_connection_status_io
 .text.get_connection_status_io
                0x0000c770       0x64 ./src/PlatformHandler/gpioHandler.o
                0x0000c770                get_connection_status_io
 .text.init_phylink_status_pin
                0x0000c7d4       0x20 ./src/PlatformHandler/gpioHandler.o
                0x0000c7d4                init_phylink_status_pin
 .text.init_tcpconnection_status_pin
                0x0000c7f4       0x1c ./src/PlatformHandler/gpioHandler.o
                0x0000c7f4                init_tcpconnection_status_pin
 .text.init_flowcontrol_dtr_pin
                0x0000c810       0x20 ./src/PlatformHandler/gpioHandler.o
                0x0000c810                init_flowcontrol_dtr_pin
 .text.set_flowcontrol_dtr_pin
                0x0000c830       0x22 ./src/PlatformHandler/gpioHandler.o
                0x0000c830                set_flowcontrol_dtr_pin
 .text.init_flowcontrol_dsr_pin
                0x0000c852       0x12 ./src/PlatformHandler/gpioHandler.o
                0x0000c852                init_flowcontrol_dsr_pin
 .text.init_connection_status_io
                0x0000c864       0x30 ./src/PlatformHandler/gpioHandler.o
                0x0000c864                init_connection_status_io
 .text.IO_Configuration
                0x0000c894       0x66 ./src/PlatformHandler/gpioHandler.o
                0x0000c894                IO_Configuration
 .text.get_flowcontrol_dsr_pin
                0x0000c8fa        0xe ./src/PlatformHandler/gpioHandler.o
                0x0000c8fa                get_flowcontrol_dsr_pin
 .text.check_phylink_status
                0x0000c908       0x34 ./src/PlatformHandler/gpioHandler.o
                0x0000c908                check_phylink_status
 .text.gpio_handler_timer_msec
                0x0000c93c       0x34 ./src/PlatformHandler/gpioHandler.o
                0x0000c93c                gpio_handler_timer_msec
 .text.read_storage
                0x0000c970       0x4c ./src/PlatformHandler/storageHandler.o
                0x0000c970                read_storage
 .text.erase_storage
                0x0000c9bc       0x74 ./src/PlatformHandler/storageHandler.o
                0x0000c9bc                erase_storage
 .text.write_storage
                0x0000ca30       0x54 ./src/PlatformHandler/storageHandler.o
                0x0000ca30                write_storage
 .text.Timer_Configuration
                0x0000ca84       0x50 ./src/PlatformHandler/timerHandler.o
                0x0000ca84                Timer_Configuration
 .text.Timer_IRQ_Handler
                0x0000cad4      0x12c ./src/PlatformHandler/timerHandler.o
                0x0000cad4                Timer_IRQ_Handler
 .text.getDeviceUptime_day
                0x0000cc00        0xc ./src/PlatformHandler/timerHandler.o
                0x0000cc00                getDeviceUptime_day
 .text.getDeviceUptime_hour
                0x0000cc0c        0xc ./src/PlatformHandler/timerHandler.o
                0x0000cc0c                getDeviceUptime_hour
 .text.getDeviceUptime_min
                0x0000cc18        0xc ./src/PlatformHandler/timerHandler.o
                0x0000cc18                getDeviceUptime_min
 .text.getDeviceUptime_sec
                0x0000cc24        0xc ./src/PlatformHandler/timerHandler.o
                0x0000cc24                getDeviceUptime_sec
 .text.set_phylink_time_check
                0x0000cc30       0x1c ./src/PlatformHandler/timerHandler.o
                0x0000cc30                set_phylink_time_check
 .text.get_phylink_downtime
                0x0000cc4c        0xc ./src/PlatformHandler/timerHandler.o
                0x0000cc4c                get_phylink_downtime
 .text.S2E_UART_IRQ_Handler
                0x0000cc58       0x9c ./src/PlatformHandler/uartHandler.o
                0x0000cc58                S2E_UART_IRQ_Handler
 .text.UART2_Configuration
                0x0000ccf4        0xc ./src/PlatformHandler/uartHandler.o
                0x0000ccf4                UART2_Configuration
 .text.uart_putc
                0x0000cd00       0x30 ./src/PlatformHandler/uartHandler.o
                0x0000cd00                uart_putc
 .text.uart_puts
                0x0000cd30       0x3a ./src/PlatformHandler/uartHandler.o
                0x0000cd30                uart_puts
 *fill*         0x0000cd6a        0x2 
 .text.uart_getc
                0x0000cd6c       0x50 ./src/PlatformHandler/uartHandler.o
                0x0000cd6c                uart_getc
 .text.uart_rx_flush
                0x0000cdbc       0x18 ./src/PlatformHandler/uartHandler.o
                0x0000cdbc                uart_rx_flush
 .text.get_uart_rs485_sel
                0x0000cdd4       0x7c ./src/PlatformHandler/uartHandler.o
                0x0000cdd4                get_uart_rs485_sel
 .text.uart_rs485_rs422_init
                0x0000ce50       0x74 ./src/PlatformHandler/uartHandler.o
                0x0000ce50                uart_rs485_rs422_init
 .text.uart_rs485_enable
                0x0000cec4       0x68 ./src/PlatformHandler/uartHandler.o
                0x0000cec4                uart_rs485_enable
 .text.uart_rs485_disable
                0x0000cf2c       0x68 ./src/PlatformHandler/uartHandler.o
                0x0000cf2c                uart_rs485_disable
 .text.get_uart_cts_pin
                0x0000cf94       0x2c ./src/PlatformHandler/uartHandler.o
                0x0000cf94                get_uart_cts_pin
 .text.set_uart_rts_pin_high
                0x0000cfc0       0x26 ./src/PlatformHandler/uartHandler.o
                0x0000cfc0                set_uart_rts_pin_high
 .text.set_uart_rts_pin_low
                0x0000cfe6       0x26 ./src/PlatformHandler/uartHandler.o
                0x0000cfe6                set_uart_rts_pin_low
 .text.serial_info_init
                0x0000d00c      0x18c ./src/PlatformHandler/uartHandler.o
                0x0000d00c                serial_info_init
 .text.S2E_UART_Configuration
                0x0000d198       0xa8 ./src/PlatformHandler/uartHandler.o
                0x0000d198                S2E_UART_Configuration
 .text.check_uart_flow_control
                0x0000d240      0x100 ./src/PlatformHandler/uartHandler.o
                0x0000d240                check_uart_flow_control
 .text.check_n_clear_uart_recv_status
                0x0000d340       0x38 ./src/PlatformHandler/uartHandler.o
                0x0000d340                check_n_clear_uart_recv_status
 .text.get_DevConfig_pointer
                0x0000d378        0x8 ./src/Configuration/ConfigData.o
                0x0000d378                get_DevConfig_pointer
 .text.set_DevConfig_to_factory_value
                0x0000d380      0x210 ./src/Configuration/ConfigData.o
                0x0000d380                set_DevConfig_to_factory_value
 .text.load_DevConfig_from_storage
                0x0000d590       0x78 ./src/Configuration/ConfigData.o
                0x0000d590                load_DevConfig_from_storage
 .text.save_DevConfig_to_storage
                0x0000d608       0x68 ./src/Configuration/ConfigData.o
                0x0000d608                save_DevConfig_to_storage
 .text.get_DevConfig_value
                0x0000d670        0x8 ./src/Configuration/ConfigData.o
                0x0000d670                get_DevConfig_value
 .text.set_DevConfig_value
                0x0000d678        0x8 ./src/Configuration/ConfigData.o
                0x0000d678                set_DevConfig_value
 .text.display_Net_Info
                0x0000d680      0x134 ./src/Configuration/ConfigData.o
                0x0000d680                display_Net_Info
 .text.Mac_Conf
                0x0000d7b4       0x54 ./src/Configuration/ConfigData.o
                0x0000d7b4                Mac_Conf
 .text.Net_Conf
                0x0000d808       0x70 ./src/Configuration/ConfigData.o
                0x0000d808                Net_Conf
 .text.flash_update_start
                0x0000d878       0x6c ./src/Configuration/segcp.o
 .text.flash_update_end
                0x0000d8e4       0x6c ./src/Configuration/segcp.o
 .text.parse_SEGCP
                0x0000d950       0xa0 ./src/Configuration/segcp.o
                0x0000d950                parse_SEGCP
 .text.proc_SEGCP
                0x0000d9f0     0x1044 ./src/Configuration/segcp.o
                0x0000d9f0                proc_SEGCP
 .text.proc_SEGCP_udp
                0x0000ea34      0x1b0 ./src/Configuration/segcp.o
                0x0000ea34                proc_SEGCP_udp
 .text.uart_get_commandline
                0x0000ebe4       0x7c ./src/Configuration/segcp.o
                0x0000ebe4                uart_get_commandline
 .text.proc_SEGCP_uart
                0x0000ec60       0x88 ./src/Configuration/segcp.o
                0x0000ec60                proc_SEGCP_uart
 .text.send_keepalive_packet_configtool
                0x0000ece8        0xc ./src/Configuration/segcp.o
                0x0000ece8                send_keepalive_packet_configtool
 .text.proc_SEGCP_tcp
                0x0000ecf4      0x208 ./src/Configuration/segcp.o
                0x0000ecf4                proc_SEGCP_tcp
 .text.do_segcp
                0x0000eefc      0x164 ./src/Configuration/segcp.o
                0x0000eefc                do_segcp
 .text.segcp_timer_msec
                0x0000f060       0x54 ./src/Configuration/segcp.o
                0x0000f060                segcp_timer_msec
 .text.is_ipaddr
                0x0000f0b4       0xc8 ./src/Configuration/util.o
                0x0000f0b4                is_ipaddr
 .text.is_hexstr
                0x0000f17c       0x2e ./src/Configuration/util.o
                0x0000f17c                is_hexstr
 .text.is_hex   0x0000f1aa       0x3c ./src/Configuration/util.o
                0x0000f1aa                is_hex
 .text.str_to_hex
                0x0000f1e6       0xac ./src/Configuration/util.o
                0x0000f1e6                str_to_hex
 .text.is_macaddr
                0x0000f292       0x78 ./src/Configuration/util.o
                0x0000f292                is_macaddr
 .text.w7500x_dhcp_assign
                0x0000f30a       0x9c ./src/Callback/dhcp_cb.o
                0x0000f30a                w7500x_dhcp_assign
 .text.w7500x_dhcp_conflict
                0x0000f3a6        0x2 ./src/Callback/dhcp_cb.o
                0x0000f3a6                w7500x_dhcp_conflict
 .text.PHY_Init
                0x0000f3a8       0x34 ./src/W7500x_board.o
 .text.Supervisory_IC_Init
                0x0000f3dc       0x14 ./src/W7500x_board.o
                0x0000f3dc                Supervisory_IC_Init
 .text.init_phylink_in_pin
                0x0000f3f0       0x14 ./src/W7500x_board.o
                0x0000f3f0                init_phylink_in_pin
 .text.get_phylink_in_pin
                0x0000f404       0x10 ./src/W7500x_board.o
                0x0000f404                get_phylink_in_pin
 .text.init_hw_trig_pin
                0x0000f414       0x18 ./src/W7500x_board.o
                0x0000f414                init_hw_trig_pin
 .text.get_hw_trig_pin
                0x0000f42c       0x2a ./src/W7500x_board.o
                0x0000f42c                get_hw_trig_pin
 .text.init_uart_if_sel_pin
                0x0000f456       0x12 ./src/W7500x_board.o
                0x0000f456                init_uart_if_sel_pin
 .text.get_uart_if_sel_pin
                0x0000f468        0xe ./src/W7500x_board.o
                0x0000f468                get_uart_if_sel_pin
 .text.init_boot_entry_pin
                0x0000f476       0x1a ./src/W7500x_board.o
                0x0000f476                init_boot_entry_pin
 .text.LED_Init
                0x0000f490       0x50 ./src/W7500x_board.o
                0x0000f490                LED_Init
 .text.W7500x_Board_Init
                0x0000f4e0       0x30 ./src/W7500x_board.o
                0x0000f4e0                W7500x_Board_Init
 .text.LED_On   0x0000f510       0x24 ./src/W7500x_board.o
                0x0000f510                LED_On
 .text.LED_Off  0x0000f534       0x24 ./src/W7500x_board.o
                0x0000f534                LED_Off
 .text.NMI_Handler
                0x0000f558        0x2 ./src/W7500x_it.o
                0x0000f558                NMI_Handler
 .text.HardFault_Handler
                0x0000f55a        0x2 ./src/W7500x_it.o
                0x0000f55a                HardFault_Handler
 .text.SVC_Handler
                0x0000f55c        0x2 ./src/W7500x_it.o
                0x0000f55c                SVC_Handler
 .text.PendSV_Handler
                0x0000f55e        0x2 ./src/W7500x_it.o
                0x0000f55e                PendSV_Handler
 .text.SysTick_Handler
                0x0000f560        0x8 ./src/W7500x_it.o
                0x0000f560                SysTick_Handler
 .text.SSP0_Handler
                0x0000f568        0x2 ./src/W7500x_it.o
                0x0000f568                SSP0_Handler
 .text.SSP1_Handler
                0x0000f56a        0x2 ./src/W7500x_it.o
                0x0000f56a                SSP1_Handler
 .text.UART0_Handler
                0x0000f56c       0x10 ./src/W7500x_it.o
                0x0000f56c                UART0_Handler
 .text.UART1_Handler
                0x0000f57c       0x10 ./src/W7500x_it.o
                0x0000f57c                UART1_Handler
 .text.UART2_Handler
                0x0000f58c        0x2 ./src/W7500x_it.o
                0x0000f58c                UART2_Handler
 .text.I2C0_Handler
                0x0000f58e        0x2 ./src/W7500x_it.o
                0x0000f58e                I2C0_Handler
 .text.I2C1_Handler
                0x0000f590        0x2 ./src/W7500x_it.o
                0x0000f590                I2C1_Handler
 .text.PORT0_Handler
                0x0000f592        0x2 ./src/W7500x_it.o
                0x0000f592                PORT0_Handler
 .text.PORT1_Handler
                0x0000f594        0x2 ./src/W7500x_it.o
                0x0000f594                PORT1_Handler
 .text.PORT2_Handler
                0x0000f596        0x2 ./src/W7500x_it.o
                0x0000f596                PORT2_Handler
 .text.PORT3_Handler
                0x0000f598        0x2 ./src/W7500x_it.o
                0x0000f598                PORT3_Handler
 .text.DMA_Handler
                0x0000f59a        0x2 ./src/W7500x_it.o
                0x0000f59a                DMA_Handler
 .text.DUALTIMER0_Handler
                0x0000f59c        0x8 ./src/W7500x_it.o
                0x0000f59c                DUALTIMER0_Handler
 .text.DUALTIMER1_Handler
                0x0000f5a4        0x2 ./src/W7500x_it.o
                0x0000f5a4                DUALTIMER1_Handler
 .text.PWM0_Handler
                0x0000f5a6        0x2 ./src/W7500x_it.o
                0x0000f5a6                PWM0_Handler
 .text.PWM1_Handler
                0x0000f5a8        0x2 ./src/W7500x_it.o
                0x0000f5a8                PWM1_Handler
 .text.PWM2_Handler
                0x0000f5aa        0x2 ./src/W7500x_it.o
                0x0000f5aa                PWM2_Handler
 .text.PWM3_Handler
                0x0000f5ac        0x2 ./src/W7500x_it.o
                0x0000f5ac                PWM3_Handler
 .text.PWM4_Handler
                0x0000f5ae        0x2 ./src/W7500x_it.o
                0x0000f5ae                PWM4_Handler
 .text.PWM5_Handler
                0x0000f5b0        0x2 ./src/W7500x_it.o
                0x0000f5b0                PWM5_Handler
 .text.PWM6_Handler
                0x0000f5b2        0x2 ./src/W7500x_it.o
                0x0000f5b2                PWM6_Handler
 .text.PWM7_Handler
                0x0000f5b4        0x2 ./src/W7500x_it.o
                0x0000f5b4                PWM7_Handler
 .text.ADC_Handler
                0x0000f5b6        0x2 ./src/W7500x_it.o
                0x0000f5b6                ADC_Handler
 .text.WZTOE_Handler
                0x0000f5b8        0x2 ./src/W7500x_it.o
                0x0000f5b8                WZTOE_Handler
 .text.EXTI_Handler
                0x0000f5ba        0x2 ./src/W7500x_it.o
                0x0000f5ba                EXTI_Handler
 .text.W7500x_Init
                0x0000f5bc       0x60 ./src/main.o
 .text.W7500x_WZTOE_Init
                0x0000f61c       0x60 ./src/main.o
 .text.set_WZTOE_NetTimeout
                0x0000f67c       0x1e ./src/main.o
 *fill*         0x0000f69a        0x2 
 .text.process_dhcp
                0x0000f69c       0x54 ./src/main.o
                0x0000f69c                process_dhcp
 .text.process_dns
                0x0000f6f0       0x74 ./src/main.o
                0x0000f6f0                process_dns
 .text.display_Dev_Info_header
                0x0000f764       0x68 ./src/main.o
                0x0000f764                display_Dev_Info_header
 .text.display_Dev_Info_main
                0x0000f7cc      0x458 ./src/main.o
                0x0000f7cc                display_Dev_Info_main
 .text.display_Dev_Info_dhcp
                0x0000fc24       0x38 ./src/main.o
                0x0000fc24                display_Dev_Info_dhcp
 .text.display_Dev_Info_dns
                0x0000fc5c       0x68 ./src/main.o
                0x0000fc5c                display_Dev_Info_dns
 .text.main     0x0000fcc4      0x11c ./src/main.o
                0x0000fcc4                main
 .text.delay    0x0000fde0       0x1c ./src/main.o
                0x0000fde0                delay
 .text.TimingDelay_Decrement
                0x0000fdfc       0x18 ./src/main.o
                0x0000fdfc                TimingDelay_Decrement
 .text._write   0x0000fe14       0x1a ./src/retarget.o
                0x0000fe14                _write
 *fill*         0x0000fe2e        0x2 
 .text          0x0000fe30      0x114 c:/program files (x86)/gnu tools arm embedded/7 2017-q4-major/bin/../lib/gcc/arm-none-eabi/7.2.1/thumb/v6-m\libgcc.a(_udivsi3.o)
                0x0000fe30                __aeabi_uidiv
                0x0000fe30                __udivsi3
                0x0000ff3c                __aeabi_uidivmod
 .text          0x0000ff44      0x1d4 c:/program files (x86)/gnu tools arm embedded/7 2017-q4-major/bin/../lib/gcc/arm-none-eabi/7.2.1/thumb/v6-m\libgcc.a(_divsi3.o)
                0x0000ff44                __divsi3
                0x0000ff44                __aeabi_idiv
                0x00010110                __aeabi_idivmod
 .text          0x00010118        0x4 c:/program files (x86)/gnu tools arm embedded/7 2017-q4-major/bin/../lib/gcc/arm-none-eabi/7.2.1/thumb/v6-m\libgcc.a(_dvmd_tls.o)
                0x00010118                __aeabi_idiv0
                0x00010118                __aeabi_ldiv0
 .text          0x0001011c       0x30 c:/program files (x86)/gnu tools arm embedded/7 2017-q4-major/bin/../lib/gcc/arm-none-eabi/7.2.1/thumb/v6-m\libgcc.a(_fixunssfsi.o)
                0x0001011c                __fixunssfsi
                0x0001011c                __aeabi_f2uiz
 .text          0x0001014c       0x3c c:/program files (x86)/gnu tools arm embedded/7 2017-q4-major/bin/../lib/gcc/arm-none-eabi/7.2.1/thumb/v6-m\libgcc.a(_fixunsdfsi.o)
                0x0001014c                __aeabi_d2uiz
                0x0001014c                __fixunsdfsi
 .text          0x00010188      0x224 c:/program files (x86)/gnu tools arm embedded/7 2017-q4-major/bin/../lib/gcc/arm-none-eabi/7.2.1/thumb/v6-m\libgcc.a(divsf3.o)
                0x00010188                __aeabi_fdiv
 .text          0x000103ac      0x264 c:/program files (x86)/gnu tools arm embedded/7 2017-q4-major/bin/../lib/gcc/arm-none-eabi/7.2.1/thumb/v6-m\libgcc.a(mulsf3.o)
                0x000103ac                __aeabi_fmul
 .text          0x00010610      0x388 c:/program files (x86)/gnu tools arm embedded/7 2017-q4-major/bin/../lib/gcc/arm-none-eabi/7.2.1/thumb/v6-m\libgcc.a(subsf3.o)
                0x00010610                __aeabi_fsub
 .text          0x00010998       0x40 c:/program files (x86)/gnu tools arm embedded/7 2017-q4-major/bin/../lib/gcc/arm-none-eabi/7.2.1/thumb/v6-m\libgcc.a(fixsfsi.o)
                0x00010998                __aeabi_f2iz
 .text          0x000109d8       0x80 c:/program files (x86)/gnu tools arm embedded/7 2017-q4-major/bin/../lib/gcc/arm-none-eabi/7.2.1/thumb/v6-m\libgcc.a(floatunsisf.o)
                0x000109d8                __aeabi_ui2f
 .text          0x00010a58      0x638 c:/program files (x86)/gnu tools arm embedded/7 2017-q4-major/bin/../lib/gcc/arm-none-eabi/7.2.1/thumb/v6-m\libgcc.a(adddf3.o)
                0x00010a58                __aeabi_dadd
 .text          0x00011090      0x690 c:/program files (x86)/gnu tools arm embedded/7 2017-q4-major/bin/../lib/gcc/arm-none-eabi/7.2.1/thumb/v6-m\libgcc.a(subdf3.o)
                0x00011090                __aeabi_dsub
 .text          0x00011720       0x6c c:/program files (x86)/gnu tools arm embedded/7 2017-q4-major/bin/../lib/gcc/arm-none-eabi/7.2.1/thumb/v6-m\libgcc.a(fixdfsi.o)
                0x00011720                __aeabi_d2iz
 .text          0x0001178c       0xa4 c:/program files (x86)/gnu tools arm embedded/7 2017-q4-major/bin/../lib/gcc/arm-none-eabi/7.2.1/thumb/v6-m\libgcc.a(extendsfdf2.o)
                0x0001178c                __aeabi_f2d
 .text          0x00011830       0x7c c:/program files (x86)/gnu tools arm embedded/7 2017-q4-major/bin/../lib/gcc/arm-none-eabi/7.2.1/thumb/v6-m\libgcc.a(_arm_cmpdf2.o)
                0x00011830                __aeabi_cdrcmple
                0x00011840                __aeabi_cdcmple
                0x00011840                __aeabi_cdcmpeq
                0x00011850                __aeabi_dcmpeq
                0x0001185c                __aeabi_dcmplt
                0x00011870                __aeabi_dcmple
                0x00011884                __aeabi_dcmpgt
                0x00011898                __aeabi_dcmpge
 .text          0x000118ac       0x74 c:/program files (x86)/gnu tools arm embedded/7 2017-q4-major/bin/../lib/gcc/arm-none-eabi/7.2.1/thumb/v6-m\libgcc.a(_arm_cmpsf2.o)
                0x000118ac                __aeabi_cfrcmple
                0x000118b4                __aeabi_cfcmpeq
                0x000118b4                __aeabi_cfcmple
                0x000118c4                __aeabi_fcmpeq
                0x000118d0                __aeabi_fcmplt
                0x000118e4                __aeabi_fcmple
                0x000118f8                __aeabi_fcmpgt
                0x0001190c                __aeabi_fcmpge
 .text          0x00011920       0x3c c:/program files (x86)/gnu tools arm embedded/7 2017-q4-major/bin/../lib/gcc/arm-none-eabi/7.2.1/thumb/v6-m\libgcc.a(_clzsi2.o)
                0x00011920                __clzsi2
 .text          0x0001195c       0x50 c:/program files (x86)/gnu tools arm embedded/7 2017-q4-major/bin/../lib/gcc/arm-none-eabi/7.2.1/thumb/v6-m\libgcc.a(eqsf2.o)
                0x0001195c                __eqsf2
                0x0001195c                __nesf2
 .text          0x000119ac       0x9c c:/program files (x86)/gnu tools arm embedded/7 2017-q4-major/bin/../lib/gcc/arm-none-eabi/7.2.1/thumb/v6-m\libgcc.a(gesf2.o)
                0x000119ac                __gesf2
                0x000119ac                __gtsf2
 .text          0x00011a48       0xa0 c:/program files (x86)/gnu tools arm embedded/7 2017-q4-major/bin/../lib/gcc/arm-none-eabi/7.2.1/thumb/v6-m\libgcc.a(lesf2.o)
                0x00011a48                __ltsf2
                0x00011a48                __lesf2
 .text          0x00011ae8       0x78 c:/program files (x86)/gnu tools arm embedded/7 2017-q4-major/bin/../lib/gcc/arm-none-eabi/7.2.1/thumb/v6-m\libgcc.a(eqdf2.o)
                0x00011ae8                __nedf2
                0x00011ae8                __eqdf2
 .text          0x00011b60       0xc8 c:/program files (x86)/gnu tools arm embedded/7 2017-q4-major/bin/../lib/gcc/arm-none-eabi/7.2.1/thumb/v6-m\libgcc.a(gedf2.o)
                0x00011b60                __gedf2
                0x00011b60                __gtdf2
 .text          0x00011c28       0xd0 c:/program files (x86)/gnu tools arm embedded/7 2017-q4-major/bin/../lib/gcc/arm-none-eabi/7.2.1/thumb/v6-m\libgcc.a(ledf2.o)
                0x00011c28                __ledf2
                0x00011c28                __ltdf2
 .text.atoi     0x00011cf8        0xc c:/program files (x86)/gnu tools arm embedded/7 2017-q4-major/bin/../lib/gcc/arm-none-eabi/7.2.1/../../../../arm-none-eabi/lib/thumb/v6-m\libg_nano.a(lib_a-atoi.o)
                0x00011cf8                atoi
 .text.atol     0x00011d04        0xc c:/program files (x86)/gnu tools arm embedded/7 2017-q4-major/bin/../lib/gcc/arm-none-eabi/7.2.1/../../../../arm-none-eabi/lib/thumb/v6-m\libg_nano.a(lib_a-atol.o)
                0x00011d04                atol
 .text.__errno  0x00011d10        0xc c:/program files (x86)/gnu tools arm embedded/7 2017-q4-major/bin/../lib/gcc/arm-none-eabi/7.2.1/../../../../arm-none-eabi/lib/thumb/v6-m\libg_nano.a(lib_a-errno.o)
                0x00011d10                __errno
 .text.__locale_ctype_ptr_l
                0x00011d1c        0x6 c:/program files (x86)/gnu tools arm embedded/7 2017-q4-major/bin/../lib/gcc/arm-none-eabi/7.2.1/../../../../arm-none-eabi/lib/thumb/v6-m\libg_nano.a(lib_a-locale.o)
                0x00011d1c                __locale_ctype_ptr_l
 *fill*         0x00011d22        0x2 
 .text.__locale_ctype_ptr
                0x00011d24       0x1c c:/program files (x86)/gnu tools arm embedded/7 2017-q4-major/bin/../lib/gcc/arm-none-eabi/7.2.1/../../../../arm-none-eabi/lib/thumb/v6-m\libg_nano.a(lib_a-locale.o)
                0x00011d24                __locale_ctype_ptr
 .text.__ascii_mbtowc
                0x00011d40       0x24 c:/program files (x86)/gnu tools arm embedded/7 2017-q4-major/bin/../lib/gcc/arm-none-eabi/7.2.1/../../../../arm-none-eabi/lib/thumb/v6-m\libg_nano.a(lib_a-mbtowc_r.o)
                0x00011d40                __ascii_mbtowc
 .text.memcmp   0x00011d64       0x1e c:/program files (x86)/gnu tools arm embedded/7 2017-q4-major/bin/../lib/gcc/arm-none-eabi/7.2.1/../../../../arm-none-eabi/lib/thumb/v6-m\libg_nano.a(lib_a-memcmp.o)
                0x00011d64                memcmp
 .text.memcpy   0x00011d82       0x12 c:/program files (x86)/gnu tools arm embedded/7 2017-q4-major/bin/../lib/gcc/arm-none-eabi/7.2.1/../../../../arm-none-eabi/lib/thumb/v6-m\libg_nano.a(lib_a-memcpy-stub.o)
                0x00011d82                memcpy
 .text.memset   0x00011d94       0x10 c:/program files (x86)/gnu tools arm embedded/7 2017-q4-major/bin/../lib/gcc/arm-none-eabi/7.2.1/../../../../arm-none-eabi/lib/thumb/v6-m\libg_nano.a(lib_a-memset.o)
                0x00011d94                memset
 .text.printf   0x00011da4       0x34 c:/program files (x86)/gnu tools arm embedded/7 2017-q4-major/bin/../lib/gcc/arm-none-eabi/7.2.1/../../../../arm-none-eabi/lib/thumb/v6-m\libg_nano.a(lib_a-printf.o)
                0x00011da4                iprintf
                0x00011da4                printf
 .text._puts_r  0x00011dd8       0xc0 c:/program files (x86)/gnu tools arm embedded/7 2017-q4-major/bin/../lib/gcc/arm-none-eabi/7.2.1/../../../../arm-none-eabi/lib/thumb/v6-m\libg_nano.a(lib_a-puts.o)
                0x00011dd8                _puts_r
 .text.puts     0x00011e98       0x14 c:/program files (x86)/gnu tools arm embedded/7 2017-q4-major/bin/../lib/gcc/arm-none-eabi/7.2.1/../../../../arm-none-eabi/lib/thumb/v6-m\libg_nano.a(lib_a-puts.o)
                0x00011e98                puts
 .text.srand    0x00011eac       0x48 c:/program files (x86)/gnu tools arm embedded/7 2017-q4-major/bin/../lib/gcc/arm-none-eabi/7.2.1/../../../../arm-none-eabi/lib/thumb/v6-m\libg_nano.a(lib_a-rand.o)
                0x00011eac                srand
 .text.rand     0x00011ef4       0x64 c:/program files (x86)/gnu tools arm embedded/7 2017-q4-major/bin/../lib/gcc/arm-none-eabi/7.2.1/../../../../arm-none-eabi/lib/thumb/v6-m\libg_nano.a(lib_a-rand.o)
                0x00011ef4                rand
 .text.sprintf  0x00011f58       0x40 c:/program files (x86)/gnu tools arm embedded/7 2017-q4-major/bin/../lib/gcc/arm-none-eabi/7.2.1/../../../../arm-none-eabi/lib/thumb/v6-m\libg_nano.a(lib_a-sprintf.o)
                0x00011f58                siprintf
                0x00011f58                sprintf
 .text.strchr   0x00011f98       0x1c c:/program files (x86)/gnu tools arm embedded/7 2017-q4-major/bin/../lib/gcc/arm-none-eabi/7.2.1/../../../../arm-none-eabi/lib/thumb/v6-m\libg_nano.a(lib_a-strchr.o)
                0x00011f98                strchr
 .text          0x00011fb4       0x14 c:/program files (x86)/gnu tools arm embedded/7 2017-q4-major/bin/../lib/gcc/arm-none-eabi/7.2.1/../../../../arm-none-eabi/lib/thumb/v6-m\libg_nano.a(lib_a-strcmp.o)
                0x00011fb4                strcmp
 .text.strcpy   0x00011fc8       0x10 c:/program files (x86)/gnu tools arm embedded/7 2017-q4-major/bin/../lib/gcc/arm-none-eabi/7.2.1/../../../../arm-none-eabi/lib/thumb/v6-m\libg_nano.a(lib_a-strcpy.o)
                0x00011fc8                strcpy
 .text          0x00011fd8        0xe c:/program files (x86)/gnu tools arm embedded/7 2017-q4-major/bin/../lib/gcc/arm-none-eabi/7.2.1/../../../../arm-none-eabi/lib/thumb/v6-m\libg_nano.a(lib_a-strlen.o)
                0x00011fd8                strlen
 .text.strncmp  0x00011fe6       0x22 c:/program files (x86)/gnu tools arm embedded/7 2017-q4-major/bin/../lib/gcc/arm-none-eabi/7.2.1/../../../../arm-none-eabi/lib/thumb/v6-m\libg_nano.a(lib_a-strncmp.o)
                0x00011fe6                strncmp
 .text.strncpy  0x00012008       0x28 c:/program files (x86)/gnu tools arm embedded/7 2017-q4-major/bin/../lib/gcc/arm-none-eabi/7.2.1/../../../../arm-none-eabi/lib/thumb/v6-m\libg_nano.a(lib_a-strncpy.o)
                0x00012008                strncpy
 .text.strtok   0x00012030       0x50 c:/program files (x86)/gnu tools arm embedded/7 2017-q4-major/bin/../lib/gcc/arm-none-eabi/7.2.1/../../../../arm-none-eabi/lib/thumb/v6-m\libg_nano.a(lib_a-strtok.o)
                0x00012030                strtok
 .text.__strtok_r
                0x00012080       0x5a c:/program files (x86)/gnu tools arm embedded/7 2017-q4-major/bin/../lib/gcc/arm-none-eabi/7.2.1/../../../../arm-none-eabi/lib/thumb/v6-m\libg_nano.a(lib_a-strtok_r.o)
                0x00012080                __strtok_r
 *fill*         0x000120da        0x2 
 .text._strtol_l.isra.0
                0x000120dc      0x104 c:/program files (x86)/gnu tools arm embedded/7 2017-q4-major/bin/../lib/gcc/arm-none-eabi/7.2.1/../../../../arm-none-eabi/lib/thumb/v6-m\libg_nano.a(lib_a-strtol.o)
 .text.strtol   0x000121e0       0x28 c:/program files (x86)/gnu tools arm embedded/7 2017-q4-major/bin/../lib/gcc/arm-none-eabi/7.2.1/../../../../arm-none-eabi/lib/thumb/v6-m\libg_nano.a(lib_a-strtol.o)
                0x000121e0                strtol
 .text._vsnprintf_r
                0x00012208       0x56 c:/program files (x86)/gnu tools arm embedded/7 2017-q4-major/bin/../lib/gcc/arm-none-eabi/7.2.1/../../../../arm-none-eabi/lib/thumb/v6-m\libg_nano.a(lib_a-vsnprintf.o)
                0x00012208                _vsniprintf_r
                0x00012208                _vsnprintf_r
 *fill*         0x0001225e        0x2 
 .text.vsnprintf
                0x00012260       0x18 c:/program files (x86)/gnu tools arm embedded/7 2017-q4-major/bin/../lib/gcc/arm-none-eabi/7.2.1/../../../../arm-none-eabi/lib/thumb/v6-m\libg_nano.a(lib_a-vsnprintf.o)
                0x00012260                vsniprintf
                0x00012260                vsnprintf
 .text.__swbuf_r
                0x00012278       0xac c:/program files (x86)/gnu tools arm embedded/7 2017-q4-major/bin/../lib/gcc/arm-none-eabi/7.2.1/../../../../arm-none-eabi/lib/thumb/v6-m\libg_nano.a(lib_a-wbuf.o)
                0x00012278                __swbuf_r
 .text.__ascii_wctomb
                0x00012324       0x18 c:/program files (x86)/gnu tools arm embedded/7 2017-q4-major/bin/../lib/gcc/arm-none-eabi/7.2.1/../../../../arm-none-eabi/lib/thumb/v6-m\libg_nano.a(lib_a-wctomb_r.o)
                0x00012324                __ascii_wctomb
 .text.__swsetup_r
                0x0001233c       0xec c:/program files (x86)/gnu tools arm embedded/7 2017-q4-major/bin/../lib/gcc/arm-none-eabi/7.2.1/../../../../arm-none-eabi/lib/thumb/v6-m\libg_nano.a(lib_a-wsetup.o)
                0x0001233c                __swsetup_r
 .text.__sflush_r
                0x00012428      0x114 c:/program files (x86)/gnu tools arm embedded/7 2017-q4-major/bin/../lib/gcc/arm-none-eabi/7.2.1/../../../../arm-none-eabi/lib/thumb/v6-m\libg_nano.a(lib_a-fflush.o)
                0x00012428                __sflush_r
 .text._fflush_r
                0x0001253c       0x58 c:/program files (x86)/gnu tools arm embedded/7 2017-q4-major/bin/../lib/gcc/arm-none-eabi/7.2.1/../../../../arm-none-eabi/lib/thumb/v6-m\libg_nano.a(lib_a-fflush.o)
                0x0001253c                _fflush_r
 .text.std      0x00012594       0x48 c:/program files (x86)/gnu tools arm embedded/7 2017-q4-major/bin/../lib/gcc/arm-none-eabi/7.2.1/../../../../arm-none-eabi/lib/thumb/v6-m\libg_nano.a(lib_a-findfp.o)
 .text._cleanup_r
                0x000125dc       0x10 c:/program files (x86)/gnu tools arm embedded/7 2017-q4-major/bin/../lib/gcc/arm-none-eabi/7.2.1/../../../../arm-none-eabi/lib/thumb/v6-m\libg_nano.a(lib_a-findfp.o)
                0x000125dc                _cleanup_r
 .text.__sfmoreglue
                0x000125ec       0x2c c:/program files (x86)/gnu tools arm embedded/7 2017-q4-major/bin/../lib/gcc/arm-none-eabi/7.2.1/../../../../arm-none-eabi/lib/thumb/v6-m\libg_nano.a(lib_a-findfp.o)
                0x000125ec                __sfmoreglue
 .text.__sinit  0x00012618       0x68 c:/program files (x86)/gnu tools arm embedded/7 2017-q4-major/bin/../lib/gcc/arm-none-eabi/7.2.1/../../../../arm-none-eabi/lib/thumb/v6-m\libg_nano.a(lib_a-findfp.o)
                0x00012618                __sinit
 .text.__sfp    0x00012680       0x7c c:/program files (x86)/gnu tools arm embedded/7 2017-q4-major/bin/../lib/gcc/arm-none-eabi/7.2.1/../../../../arm-none-eabi/lib/thumb/v6-m\libg_nano.a(lib_a-findfp.o)
                0x00012680                __sfp
 .text._fwalk_reent
                0x000126fc       0x42 c:/program files (x86)/gnu tools arm embedded/7 2017-q4-major/bin/../lib/gcc/arm-none-eabi/7.2.1/../../../../arm-none-eabi/lib/thumb/v6-m\libg_nano.a(lib_a-fwalk.o)
                0x000126fc                _fwalk_reent
 *fill*         0x0001273e        0x2 
 .text.__swhatbuf_r
                0x00012740       0x50 c:/program files (x86)/gnu tools arm embedded/7 2017-q4-major/bin/../lib/gcc/arm-none-eabi/7.2.1/../../../../arm-none-eabi/lib/thumb/v6-m\libg_nano.a(lib_a-makebuf.o)
                0x00012740                __swhatbuf_r
 .text.__smakebuf_r
                0x00012790       0x88 c:/program files (x86)/gnu tools arm embedded/7 2017-q4-major/bin/../lib/gcc/arm-none-eabi/7.2.1/../../../../arm-none-eabi/lib/thumb/v6-m\libg_nano.a(lib_a-makebuf.o)
                0x00012790                __smakebuf_r
 .text.malloc   0x00012818       0x14 c:/program files (x86)/gnu tools arm embedded/7 2017-q4-major/bin/../lib/gcc/arm-none-eabi/7.2.1/../../../../arm-none-eabi/lib/thumb/v6-m\libg_nano.a(lib_a-malloc.o)
                0x00012818                malloc
 .text._free_r  0x0001282c       0x94 c:/program files (x86)/gnu tools arm embedded/7 2017-q4-major/bin/../lib/gcc/arm-none-eabi/7.2.1/../../../../arm-none-eabi/lib/thumb/v6-m\libg_nano.a(lib_a-nano-freer.o)
                0x0001282c                _free_r
 .text._malloc_r
                0x000128c0       0xbc c:/program files (x86)/gnu tools arm embedded/7 2017-q4-major/bin/../lib/gcc/arm-none-eabi/7.2.1/../../../../arm-none-eabi/lib/thumb/v6-m\libg_nano.a(lib_a-nano-mallocr.o)
                0x000128c0                _malloc_r
 .text.__ssputs_r
                0x0001297c       0xc4 c:/program files (x86)/gnu tools arm embedded/7 2017-q4-major/bin/../lib/gcc/arm-none-eabi/7.2.1/../../../../arm-none-eabi/lib/thumb/v6-m\libg_nano.a(lib_a-nano-svfprintf.o)
                0x0001297c                __ssputs_r
 .text._svfprintf_r
                0x00012a40      0x1fc c:/program files (x86)/gnu tools arm embedded/7 2017-q4-major/bin/../lib/gcc/arm-none-eabi/7.2.1/../../../../arm-none-eabi/lib/thumb/v6-m\libg_nano.a(lib_a-nano-svfprintf.o)
                0x00012a40                _svfiprintf_r
                0x00012a40                _svfprintf_r
 .text.__sfputc_r
                0x00012c3c       0x2a c:/program files (x86)/gnu tools arm embedded/7 2017-q4-major/bin/../lib/gcc/arm-none-eabi/7.2.1/../../../../arm-none-eabi/lib/thumb/v6-m\libg_nano.a(lib_a-nano-vfprintf.o)
 .text.__sfputs_r
                0x00012c66       0x24 c:/program files (x86)/gnu tools arm embedded/7 2017-q4-major/bin/../lib/gcc/arm-none-eabi/7.2.1/../../../../arm-none-eabi/lib/thumb/v6-m\libg_nano.a(lib_a-nano-vfprintf.o)
                0x00012c66                __sfputs_r
 *fill*         0x00012c8a        0x2 
 .text._vfprintf_r
                0x00012c8c      0x22c c:/program files (x86)/gnu tools arm embedded/7 2017-q4-major/bin/../lib/gcc/arm-none-eabi/7.2.1/../../../../arm-none-eabi/lib/thumb/v6-m\libg_nano.a(lib_a-nano-vfprintf.o)
                0x00012c8c                _vfprintf_r
                0x00012c8c                _vfiprintf_r
 .text._printf_common
                0x00012eb8       0xda c:/program files (x86)/gnu tools arm embedded/7 2017-q4-major/bin/../lib/gcc/arm-none-eabi/7.2.1/../../../../arm-none-eabi/lib/thumb/v6-m\libg_nano.a(lib_a-nano-vfprintf_i.o)
                0x00012eb8                _printf_common
 *fill*         0x00012f92        0x2 
 .text._printf_i
                0x00012f94      0x210 c:/program files (x86)/gnu tools arm embedded/7 2017-q4-major/bin/../lib/gcc/arm-none-eabi/7.2.1/../../../../arm-none-eabi/lib/thumb/v6-m\libg_nano.a(lib_a-nano-vfprintf_i.o)
                0x00012f94                _printf_i
 .text._sbrk_r  0x000131a4       0x24 c:/program files (x86)/gnu tools arm embedded/7 2017-q4-major/bin/../lib/gcc/arm-none-eabi/7.2.1/../../../../arm-none-eabi/lib/thumb/v6-m\libg_nano.a(lib_a-sbrkr.o)
                0x000131a4                _sbrk_r
 .text.__sread  0x000131c8       0x28 c:/program files (x86)/gnu tools arm embedded/7 2017-q4-major/bin/../lib/gcc/arm-none-eabi/7.2.1/../../../../arm-none-eabi/lib/thumb/v6-m\libg_nano.a(lib_a-stdio.o)
                0x000131c8                __sread
 .text.__swrite
                0x000131f0       0x38 c:/program files (x86)/gnu tools arm embedded/7 2017-q4-major/bin/../lib/gcc/arm-none-eabi/7.2.1/../../../../arm-none-eabi/lib/thumb/v6-m\libg_nano.a(lib_a-stdio.o)
                0x000131f0                __swrite
 .text.__sseek  0x00013228       0x2c c:/program files (x86)/gnu tools arm embedded/7 2017-q4-major/bin/../lib/gcc/arm-none-eabi/7.2.1/../../../../arm-none-eabi/lib/thumb/v6-m\libg_nano.a(lib_a-stdio.o)
                0x00013228                __sseek
 .text.__sclose
                0x00013254        0xc c:/program files (x86)/gnu tools arm embedded/7 2017-q4-major/bin/../lib/gcc/arm-none-eabi/7.2.1/../../../../arm-none-eabi/lib/thumb/v6-m\libg_nano.a(lib_a-stdio.o)
                0x00013254                __sclose
 .text._write_r
                0x00013260       0x28 c:/program files (x86)/gnu tools arm embedded/7 2017-q4-major/bin/../lib/gcc/arm-none-eabi/7.2.1/../../../../arm-none-eabi/lib/thumb/v6-m\libg_nano.a(lib_a-writer.o)
                0x00013260                _write_r
 .text._close_r
                0x00013288       0x24 c:/program files (x86)/gnu tools arm embedded/7 2017-q4-major/bin/../lib/gcc/arm-none-eabi/7.2.1/../../../../arm-none-eabi/lib/thumb/v6-m\libg_nano.a(lib_a-closer.o)
                0x00013288                _close_r
 .text._fstat_r
                0x000132ac       0x24 c:/program files (x86)/gnu tools arm embedded/7 2017-q4-major/bin/../lib/gcc/arm-none-eabi/7.2.1/../../../../arm-none-eabi/lib/thumb/v6-m\libg_nano.a(lib_a-fstatr.o)
                0x000132ac                _fstat_r
 .text._isatty_r
                0x000132d0       0x24 c:/program files (x86)/gnu tools arm embedded/7 2017-q4-major/bin/../lib/gcc/arm-none-eabi/7.2.1/../../../../arm-none-eabi/lib/thumb/v6-m\libg_nano.a(lib_a-isattyr.o)
                0x000132d0                _isatty_r
 .text._lseek_r
                0x000132f4       0x28 c:/program files (x86)/gnu tools arm embedded/7 2017-q4-major/bin/../lib/gcc/arm-none-eabi/7.2.1/../../../../arm-none-eabi/lib/thumb/v6-m\libg_nano.a(lib_a-lseekr.o)
                0x000132f4                _lseek_r
 .text.memchr   0x0001331c       0x16 c:/program files (x86)/gnu tools arm embedded/7 2017-q4-major/bin/../lib/gcc/arm-none-eabi/7.2.1/../../../../arm-none-eabi/lib/thumb/v6-m\libg_nano.a(lib_a-memchr-stub.o)
                0x0001331c                memchr
 .text.memmove  0x00013332       0x26 c:/program files (x86)/gnu tools arm embedded/7 2017-q4-major/bin/../lib/gcc/arm-none-eabi/7.2.1/../../../../arm-none-eabi/lib/thumb/v6-m\libg_nano.a(lib_a-memmove.o)
                0x00013332                memmove
 .text.__malloc_lock
                0x00013358        0x2 c:/program files (x86)/gnu tools arm embedded/7 2017-q4-major/bin/../lib/gcc/arm-none-eabi/7.2.1/../../../../arm-none-eabi/lib/thumb/v6-m\libg_nano.a(lib_a-mlock.o)
                0x00013358                __malloc_lock
 .text.__malloc_unlock
                0x0001335a        0x2 c:/program files (x86)/gnu tools arm embedded/7 2017-q4-major/bin/../lib/gcc/arm-none-eabi/7.2.1/../../../../arm-none-eabi/lib/thumb/v6-m\libg_nano.a(lib_a-mlock.o)
                0x0001335a                __malloc_unlock
 .text._realloc_r
                0x0001335c       0x4c c:/program files (x86)/gnu tools arm embedded/7 2017-q4-major/bin/../lib/gcc/arm-none-eabi/7.2.1/../../../../arm-none-eabi/lib/thumb/v6-m\libg_nano.a(lib_a-nano-reallocr.o)
                0x0001335c                _realloc_r
 .text._read_r  0x000133a8       0x28 c:/program files (x86)/gnu tools arm embedded/7 2017-q4-major/bin/../lib/gcc/arm-none-eabi/7.2.1/../../../../arm-none-eabi/lib/thumb/v6-m\libg_nano.a(lib_a-readr.o)
                0x000133a8                _read_r
 .text._malloc_usable_size_r
                0x000133d0       0x10 c:/program files (x86)/gnu tools arm embedded/7 2017-q4-major/bin/../lib/gcc/arm-none-eabi/7.2.1/../../../../arm-none-eabi/lib/thumb/v6-m\libg_nano.a(lib_a-nano-msizer.o)
                0x000133d0                _malloc_usable_size_r
 .text          0x000133e0       0x54 c:/program files (x86)/gnu tools arm embedded/7 2017-q4-major/bin/../lib/gcc/arm-none-eabi/7.2.1/thumb/v6-m\libgcc.a(_muldi3.o)
                0x000133e0                __muldi3
                0x000133e0                __aeabi_lmul
 *(.rodata .rodata.* .constdata .constdata.*)
 .rodata.dumpExceptionStack.str1.4
                0x00013434       0xae ./system/src/cortexm/exception_handlers.o
 *fill*         0x000134e2        0x2 
 .rodata.str1.4
                0x000134e4        0xd ./system/src/cortexm/exception_handlers.o
 *fill*         0x000134f1        0x3 
 .rodata.phy_id.str1.4
                0x000134f4       0x19 ./src/ioLibrary_Driver/MDIO/W7500x_miim.o
 *fill*         0x0001350d        0x3 
 .rodata.dns_answer
                0x00013510       0x40 ./src/ioLibrary_Driver/Internet/DNS/dns.o
 .rodata.DHCP_run
                0x00013550       0x14 ./src/ioLibrary_Driver/Internet/DHCP/dhcp.o
 .rodata.check_DHCP_leasedIP.str1.4
                0x00013564       0x12 ./src/ioLibrary_Driver/Internet/DHCP/dhcp.o
 *fill*         0x00013576        0x2 
 .rodata.setsockopt
                0x00013578       0x20 ./src/ioLibrary_Driver/Ethernet/socket.o
 .rodata.getsockopt
                0x00013598       0x34 ./src/ioLibrary_Driver/Ethernet/socket.o
 .rodata.ctlnetwork
                0x000135cc       0x18 ./src/ioLibrary_Driver/Ethernet/wizchip_conf.o
 .rodata.set_device_status
                0x000135e4       0x18 ./src/Serial_to_Ethernet2/seg.o
 .rodata.clear_data_transfer_bytecount
                0x000135fc       0x14 ./src/Serial_to_Ethernet2/seg.o
 .rodata.proc_SEG_tcp_client
                0x00013610       0x74 ./src/Serial_to_Ethernet2/seg.o
 .rodata.proc_SEG_tcp_mixed
                0x00013684       0x74 ./src/Serial_to_Ethernet2/seg.o
 .rodata.check_tcp_connect_exception.str1.4
                0x000136f8      0x11e ./src/Serial_to_Ethernet2/seg.o
 *fill*         0x00013816        0x2 
 .rodata.debugSerial_dataTransfer.str1.4
                0x00013818       0x46 ./src/Serial_to_Ethernet2/seg.o
                                 0x4a (size before relaxing)
 *fill*         0x0001385e        0x2 
 .rodata.ether_to_uart.str1.4
                0x00013860       0x28 ./src/Serial_to_Ethernet2/seg.o
 .rodata.init_trigger_modeswitch.str1.4
                0x00013888       0x3e ./src/Serial_to_Ethernet2/seg.o
 *fill*         0x000138c6        0x2 
 .rodata.proc_SEG_tcp_client.str1.4
                0x000138c8       0x4d ./src/Serial_to_Ethernet2/seg.o
 *fill*         0x00013915        0x3 
 .rodata.proc_SEG_tcp_mixed.str1.4
                0x00013918       0x4f ./src/Serial_to_Ethernet2/seg.o
 *fill*         0x00013967        0x1 
 .rodata.proc_SEG_tcp_server.str1.4
                0x00013968       0x4d ./src/Serial_to_Ethernet2/seg.o
 *fill*         0x000139b5        0x3 
 .rodata.proc_SEG_udp.str1.4
                0x000139b8       0x1a ./src/Serial_to_Ethernet2/seg.o
 *fill*         0x000139d2        0x2 
 .rodata.str1.4
                0x000139d4       0x39 ./src/Serial_to_Ethernet2/seg.o
 *fill*         0x00013a0d        0x3 
 .rodata.uart_to_ether.str1.4
                0x00013a10       0x48 ./src/Serial_to_Ethernet2/seg.o
 .rodata.device_appboot_update.str1.4
                0x00013a58      0x141 ./src/PlatformHandler/deviceHandler.o
 *fill*         0x00013b99        0x3 
 .rodata.device_firmware_update.str1.4
                0x00013b9c      0x189 ./src/PlatformHandler/deviceHandler.o
 *fill*         0x00013d25        0x3 
 .rodata.USER_IO_PIN
                0x00013d28        0x8 ./src/PlatformHandler/gpioHandler.o
                0x00013d28                USER_IO_PIN
 .rodata.str1.4
                0x00013d30       0x2e ./src/PlatformHandler/gpioHandler.o
 *fill*         0x00013d5e        0x2 
 .rodata.erase_storage
                0x00013d60       0x1c ./src/PlatformHandler/storageHandler.o
 .rodata.write_storage
                0x00013d7c       0x1c ./src/PlatformHandler/storageHandler.o
 .rodata        0x00013d98       0x3c ./src/PlatformHandler/uartHandler.o
 .rodata.str1.4
                0x00013dd4       0x4d ./src/PlatformHandler/uartHandler.o
 *fill*         0x00013e21        0x3 
 .rodata.display_Net_Info.str1.4
                0x00013e24      0x10e ./src/Configuration/ConfigData.o
                                0x112 (size before relaxing)
 *fill*         0x00013f32        0x2 
 .rodata.save_DevConfig_to_storage.str1.4
                0x00013f34       0x28 ./src/Configuration/ConfigData.o
 .rodata.set_DevConfig_to_factory_value.str1.4
                0x00013f5c       0x40 ./src/Configuration/ConfigData.o
 .rodata.proc_SEGCP
                0x00013f9c      0x258 ./src/Configuration/segcp.o
 .rodata.do_segcp.str1.4
                0x000141f4       0x39 ./src/Configuration/segcp.o
 *fill*         0x0001422d        0x3 
 .rodata.proc_SEGCP.str1.4
                0x00014230       0xac ./src/Configuration/segcp.o
                                 0xec (size before relaxing)
 .rodata.proc_SEGCP_uart.str1.4
                0x000142dc        0x3 ./src/Configuration/segcp.o
 *fill*         0x000142df        0x1 
 .rodata.proc_SEGCP_udp.str1.4
                0x000142e0       0x21 ./src/Configuration/segcp.o
 *fill*         0x00014301        0x3 
 .rodata.str1.4
                0x00014304      0x1b0 ./src/Configuration/segcp.o
 .rodata.LED_PIN
                0x000144b4        0x4 ./src/W7500x_board.o
                0x000144b4                LED_PIN
 .rodata        0x000144b8       0x44 ./src/main.o
 .rodata.display_Dev_Info_dhcp.str1.4
                0x000144fc       0x38 ./src/main.o
 .rodata.display_Dev_Info_dns.str1.4
                0x00014534       0x33 ./src/main.o
 *fill*         0x00014567        0x1 
 .rodata.display_Dev_Info_header.str1.4
                0x00014568       0x8f ./src/main.o
                                 0xa7 (size before relaxing)
 *fill*         0x000145f7        0x1 
 .rodata.display_Dev_Info_main.str1.4
                0x000145f8      0x50e ./src/main.o
                                0x516 (size before relaxing)
 *fill*         0x00014b06        0x2 
 .rodata.main.str1.4
                0x00014b08       0x20 ./src/main.o
                                 0x1d (size before relaxing)
 .rodata        0x00014b28       0x80 c:/program files (x86)/gnu tools arm embedded/7 2017-q4-major/bin/../lib/gcc/arm-none-eabi/7.2.1/thumb/v6-m\libgcc.a(divsf3.o)
 .rodata        0x00014ba8       0x40 c:/program files (x86)/gnu tools arm embedded/7 2017-q4-major/bin/../lib/gcc/arm-none-eabi/7.2.1/thumb/v6-m\libgcc.a(mulsf3.o)
 .rodata._global_impure_ptr
                0x00014be8        0x4 c:/program files (x86)/gnu tools arm embedded/7 2017-q4-major/bin/../lib/gcc/arm-none-eabi/7.2.1/../../../../arm-none-eabi/lib/thumb/v6-m\libg_nano.a(lib_a-impure.o)
                0x00014be8                _global_impure_ptr
 .rodata._setlocale_r.str1.1
                0x00014bec        0x8 c:/program files (x86)/gnu tools arm embedded/7 2017-q4-major/bin/../lib/gcc/arm-none-eabi/7.2.1/../../../../arm-none-eabi/lib/thumb/v6-m\libg_nano.a(lib_a-locale.o)
                                  0x9 (size before relaxing)
 .rodata.str1.1
                0x00014bf4        0x2 c:/program files (x86)/gnu tools arm embedded/7 2017-q4-major/bin/../lib/gcc/arm-none-eabi/7.2.1/../../../../arm-none-eabi/lib/thumb/v6-m\libg_nano.a(lib_a-locale.o)
 .rodata._ctype_
                0x00014bf6      0x101 c:/program files (x86)/gnu tools arm embedded/7 2017-q4-major/bin/../lib/gcc/arm-none-eabi/7.2.1/../../../../arm-none-eabi/lib/thumb/v6-m\libg_nano.a(lib_a-ctype_.o)
                0x00014bf6                _ctype_
 *fill*         0x00014cf7        0x1 
 .rodata.__sf_fake_stderr
                0x00014cf8       0x20 c:/program files (x86)/gnu tools arm embedded/7 2017-q4-major/bin/../lib/gcc/arm-none-eabi/7.2.1/../../../../arm-none-eabi/lib/thumb/v6-m\libg_nano.a(lib_a-findfp.o)
                0x00014cf8                __sf_fake_stderr
 .rodata.__sf_fake_stdin
                0x00014d18       0x20 c:/program files (x86)/gnu tools arm embedded/7 2017-q4-major/bin/../lib/gcc/arm-none-eabi/7.2.1/../../../../arm-none-eabi/lib/thumb/v6-m\libg_nano.a(lib_a-findfp.o)
                0x00014d18                __sf_fake_stdin
 .rodata.__sf_fake_stdout
                0x00014d38       0x20 c:/program files (x86)/gnu tools arm embedded/7 2017-q4-major/bin/../lib/gcc/arm-none-eabi/7.2.1/../../../../arm-none-eabi/lib/thumb/v6-m\libg_nano.a(lib_a-findfp.o)
                0x00014d38                __sf_fake_stdout
 .rodata._svfprintf_r.str1.1
                0x00014d58       0x11 c:/program files (x86)/gnu tools arm embedded/7 2017-q4-major/bin/../lib/gcc/arm-none-eabi/7.2.1/../../../../arm-none-eabi/lib/thumb/v6-m\libg_nano.a(lib_a-nano-svfprintf.o)
 .rodata._vfprintf_r.str1.1
                0x00014d69       0x11 c:/program files (x86)/gnu tools arm embedded/7 2017-q4-major/bin/../lib/gcc/arm-none-eabi/7.2.1/../../../../arm-none-eabi/lib/thumb/v6-m\libg_nano.a(lib_a-nano-vfprintf.o)
 .rodata._printf_i.str1.1
                0x00014d69       0x22 c:/program files (x86)/gnu tools arm embedded/7 2017-q4-major/bin/../lib/gcc/arm-none-eabi/7.2.1/../../../../arm-none-eabi/lib/thumb/v6-m\libg_nano.a(lib_a-nano-vfprintf_i.o)
 *(vtable)
 *(.eh_frame*)
 *(.glue_7)
 .glue_7        0x00014d8b        0x0 linker stubs
 *(.glue_7t)
 .glue_7t       0x00014d8b        0x0 linker stubs

.vfp11_veneer   0x00014d8c        0x0
 .vfp11_veneer  0x00014d8c        0x0 linker stubs

.v4_bx          0x00014d8c        0x0
 .v4_bx         0x00014d8c        0x0 linker stubs

.iplt           0x00014d8c        0x0
 .iplt          0x00014d8c        0x0 ./system/src/newlib/_exit.o

.rel.dyn        0x00014d8c        0x0
 .rel.iplt      0x00014d8c        0x0 ./system/src/newlib/_exit.o

.ARM.extab
 *(.ARM.extab* .gnu.linkonce.armextab.*)
                0x00014d8c                . = ALIGN (0x4)
                0x00014d8c                __exidx_start = .

.ARM.exidx
 *(.ARM.exidx* .gnu.linkonce.armexidx.*)
                0x00014d8c                __exidx_end = .
                0x00014d8c                . = ALIGN (0x4)
                0x00014d8c                _etext = .
                0x00014d8c                __etext = .

.data_CCMRAM    0x10000000        0x0 load address 0x00014d8c
 FILL mask 0xff
 *(.data.CCMRAM .data.CCMRAM.*)
                0x10000000                . = ALIGN (0x4)
                0x00014d8c                _sidata = LOADADDR (.data)

.data           0x20000000      0x3f4 load address 0x00014d8c
 FILL mask 0xff
                0x20000000                _sdata = .
                0x20000000                __data_start__ = .
 *(.data_begin .data_begin.*)
 .data_begin    0x20000000        0x4 ./system/src/newlib/_startup.o
 *(.data .data.*)
 .data.argv.4790
                0x20000004        0x8 ./system/src/newlib/_syscalls.o
 .data.MDC      0x2000000c        0x2 ./src/ioLibrary_Driver/MDIO/W7500x_miim.o
 .data.MDIO     0x2000000e        0x2 ./src/ioLibrary_Driver/MDIO/W7500x_miim.o
 .data.HOST_NAME
                0x20000010        0x8 ./src/ioLibrary_Driver/Internet/DHCP/dhcp.o
                0x20000010                HOST_NAME
 .data.dhcp_ip_assign
                0x20000018        0x4 ./src/ioLibrary_Driver/Internet/DHCP/dhcp.o
                0x20000018                dhcp_ip_assign
 .data.dhcp_ip_conflict
                0x2000001c        0x4 ./src/ioLibrary_Driver/Internet/DHCP/dhcp.o
                0x2000001c                dhcp_ip_conflict
 .data.dhcp_ip_update
                0x20000020        0x4 ./src/ioLibrary_Driver/Internet/DHCP/dhcp.o
                0x20000020                dhcp_ip_update
 .data.dhcp_lease_time
                0x20000024        0x4 ./src/ioLibrary_Driver/Internet/DHCP/dhcp.o
                0x20000024                dhcp_lease_time
 .data.dhcp_tick_next
                0x20000028        0x4 ./src/ioLibrary_Driver/Internet/DHCP/dhcp.o
                0x20000028                dhcp_tick_next
 .data.sock_any_port
                0x2000002c        0x2 ./src/ioLibrary_Driver/Ethernet/socket.o
 .data.isXON    0x2000002e        0x1 ./src/Serial_to_Ethernet2/seg.o
                0x2000002e                isXON
 *fill*         0x2000002f        0x1 ff
 .data.modeswitch_gap_time
                0x20000030        0x2 ./src/Serial_to_Ethernet2/seg.o
                0x20000030                modeswitch_gap_time
 .data.opmode   0x20000032        0x1 ./src/Serial_to_Ethernet2/seg.o
                0x20000032                opmode
 *fill*         0x20000033        0x1 ff
 .data.peerip_tmp
                0x20000034        0x4 ./src/Serial_to_Ethernet2/seg.o
                0x20000034                peerip_tmp
 .data.str_working
                0x20000038       0x10 ./src/Serial_to_Ethernet2/seg.o
                0x20000038                str_working
 .data.USER_IO_ADC_CH
                0x20000048        0x4 ./src/PlatformHandler/gpioHandler.o
                0x20000048                USER_IO_ADC_CH
 .data.USER_IO_DIR_STR
                0x2000004c        0x8 ./src/PlatformHandler/gpioHandler.o
                0x2000004c                USER_IO_DIR_STR
 .data.USER_IO_PORT
                0x20000054       0x10 ./src/PlatformHandler/gpioHandler.o
                0x20000054                USER_IO_PORT
 .data.USER_IO_SEL
                0x20000064        0x4 ./src/PlatformHandler/gpioHandler.o
                0x20000064                USER_IO_SEL
 .data.USER_IO_TYPE_STR
                0x20000068        0x8 ./src/PlatformHandler/gpioHandler.o
                0x20000068                USER_IO_TYPE_STR
 .data.prev_link_status.6255
                0x20000070        0x1 ./src/PlatformHandler/gpioHandler.o
 .data.enable_phylink_check
                0x20000071        0x1 ./src/PlatformHandler/timerHandler.o
 *fill*         0x20000072        0x2 ff
 .data.UART_data
                0x20000074        0x4 ./src/PlatformHandler/uartHandler.o
                0x20000074                UART_data
 .data.UART_data_irq
                0x20000078        0x1 ./src/PlatformHandler/uartHandler.o
                0x20000078                UART_data_irq
 *fill*         0x20000079        0x1 ff
 .data.data_rx_sz
                0x2000007a        0x2 ./src/PlatformHandler/uartHandler.o
                0x2000007a                data_rx_sz
 .data.flow_ctrl_table
                0x2000007c       0x10 ./src/PlatformHandler/uartHandler.o
                0x2000007c                flow_ctrl_table
 .data.parity_table
                0x2000008c        0xc ./src/PlatformHandler/uartHandler.o
                0x2000008c                parity_table
 .data.stop_bit_table
                0x20000098        0x2 ./src/PlatformHandler/uartHandler.o
                0x20000098                stop_bit_table
 *fill*         0x2000009a        0x2 ff
 .data.uart_if_table
                0x2000009c        0x8 ./src/PlatformHandler/uartHandler.o
                0x2000009c                uart_if_table
 .data.word_len_table
                0x200000a4        0x3 ./src/PlatformHandler/uartHandler.o
                0x200000a4                word_len_table
 .data.xonoff_status
                0x200000a7        0x1 ./src/PlatformHandler/uartHandler.o
 .data.strDEVSTATUS
                0x200000a8       0x1c ./src/Configuration/segcp.o
                0x200000a8                strDEVSTATUS
 .data.tbSEGCPCMD
                0x200000c4      0x130 ./src/Configuration/segcp.o
                0x200000c4                tbSEGCPCMD
 .data.tbSEGCPERR
                0x200001f4       0x1c ./src/Configuration/segcp.o
                0x200001f4                tbSEGCPERR
 .data.LED_PAD  0x20000210        0x2 ./src/W7500x_board.o
                0x20000210                LED_PAD
 *fill*         0x20000212        0x2 ff
 .data.LED_PAD_AF
                0x20000214        0x2 ./src/W7500x_board.o
                0x20000214                LED_PAD_AF
 *fill*         0x20000216        0x2 ff
 .data.LED_PORT
                0x20000218        0x8 ./src/W7500x_board.o
                0x20000218                LED_PORT
 .data._impure_ptr
                0x20000220        0x4 c:/program files (x86)/gnu tools arm embedded/7 2017-q4-major/bin/../lib/gcc/arm-none-eabi/7.2.1/../../../../arm-none-eabi/lib/thumb/v6-m\libg_nano.a(lib_a-impure.o)
                0x20000220                _impure_ptr
 .data.impure_data
                0x20000224       0x60 c:/program files (x86)/gnu tools arm embedded/7 2017-q4-major/bin/../lib/gcc/arm-none-eabi/7.2.1/../../../../arm-none-eabi/lib/thumb/v6-m\libg_nano.a(lib_a-impure.o)
 .data.__global_locale
                0x20000284      0x16c c:/program files (x86)/gnu tools arm embedded/7 2017-q4-major/bin/../lib/gcc/arm-none-eabi/7.2.1/../../../../arm-none-eabi/lib/thumb/v6-m\libg_nano.a(lib_a-locale.o)
                0x20000284                __global_locale
 *(.data_end .data_end.*)
 .data_end      0x200003f0        0x4 ./system/src/newlib/_startup.o
                0x200003f4                . = ALIGN (0x4)
                0x200003f4                _edata = .
                0x200003f4                __data_end__ = .

.igot.plt       0x200003f4        0x0 load address 0x00015180
 .igot.plt      0x200003f4        0x0 ./system/src/newlib/_exit.o

.bss_CCMRAM     0x10000000        0x0
 *(.bss.CCMRAM .bss.CCMRAM.*)

.bss            0x200003f4     0x26a0
                0x200003f4                __bss_start__ = .
                0x200003f4                _sbss = .
 *(.bss_begin .bss_begin.*)
 .bss_begin     0x200003f4        0x4 ./system/src/newlib/_startup.o
 *(.bss .bss.*)
 .bss.current_heap_end.4441
                0x200003f8        0x4 ./system/src/newlib/_sbrk.o
 .bss.name.4789
                0x200003fc        0x1 ./system/src/newlib/_syscalls.o
 *fill*         0x200003fd        0x3 
 .bss.buf.5685  0x20000400       0x80 ./system/src/diag/Trace.o
 .bss.SourceFrequency
                0x20000480        0x4 ./system/src/cmsis/system_W7500x.o
                0x20000480                SourceFrequency
 .bss.SystemFrequency
                0x20000484        0x4 ./system/src/cmsis/system_W7500x.o
                0x20000484                SystemFrequency
 .bss.retry_count.6586
                0x20000488        0x1 ./src/ioLibrary_Driver/Internet/DNS/dns.o
 *fill*         0x20000489        0x3 
 .bss.DHCP_CHADDR